<?xml version="1.0" encoding="ISO-8859-1" ?>
<link_info>
   <banner>MSP430 Linker PC v18.12.2.LTS</banner>
   <copyright>Copyright (c) 2003-2018 Texas Instruments Incorporated</copyright>
   <link_time>0x5d54cfa3</link_time>
   <link_errors>0x0</link_errors>
   <output_file>WSN.out</output_file>
   <entry_point>
      <name>_c_int00_noargs</name>
      <address>0xcbbc</address>
   </entry_point>
   <input_file_list>
      <input_file id="fl-2">
         <path>.\</path>
         <kind>object</kind>
         <file>CH_Sense.obj</file>
         <name>CH_Sense.obj</name>
      </input_file>
      <input_file id="fl-3">
         <path>.\</path>
         <kind>object</kind>
         <file>CH_TDMA_Assign.obj</file>
         <name>CH_TDMA_Assign.obj</name>
      </input_file>
      <input_file id="fl-4">
         <path>.\</path>
         <kind>object</kind>
         <file>MSP_Init.obj</file>
         <name>MSP_Init.obj</name>
      </input_file>
      <input_file id="fl-5">
         <path>.\</path>
         <kind>object</kind>
         <file>Message_Prep.obj</file>
         <name>Message_Prep.obj</name>
      </input_file>
      <input_file id="fl-6">
         <path>.\</path>
         <kind>object</kind>
         <file>ND_Sense.obj</file>
         <name>ND_Sense.obj</name>
      </input_file>
      <input_file id="fl-7">
         <path>.\</path>
         <kind>object</kind>
         <file>Radio.obj</file>
         <name>Radio.obj</name>
      </input_file>
      <input_file id="fl-8">
         <path>.\</path>
         <kind>object</kind>
         <file>SPI_Library.obj</file>
         <name>SPI_Library.obj</name>
      </input_file>
      <input_file id="fl-9">
         <path>.\</path>
         <kind>object</kind>
         <file>TDMA_Assign.obj</file>
         <name>TDMA_Assign.obj</name>
      </input_file>
      <input_file id="fl-a">
         <path>.\</path>
         <kind>object</kind>
         <file>UART.obj</file>
         <name>UART.obj</name>
      </input_file>
      <input_file id="fl-b">
         <path>.\</path>
         <kind>object</kind>
         <file>main.obj</file>
         <name>main.obj</name>
      </input_file>
      <input_file id="fl-c">
         <path>.\</path>
         <kind>object</kind>
         <file>sleep_timer.obj</file>
         <name>sleep_timer.obj</name>
      </input_file>
      <input_file id="fl-11">
         <kind>object</kind>
         <file>&lt;internal&gt;</file>
         <name>&lt;internal&gt;</name>
      </input_file>
      <input_file id="fl-27">
         <path>C:\ti\ccs910\ccs\tools\compiler\ti-cgt-msp430_18.12.2.LTS\lib\</path>
         <kind>archive</kind>
         <file>rts430_eabi.lib</file>
         <name>asr16.asm.obj</name>
      </input_file>
      <input_file id="fl-28">
         <path>C:\ti\ccs910\ccs\tools\compiler\ti-cgt-msp430_18.12.2.LTS\lib\</path>
         <kind>archive</kind>
         <file>rts430_eabi.lib</file>
         <name>div16s.asm.obj</name>
      </input_file>
      <input_file id="fl-29">
         <path>C:\ti\ccs910\ccs\tools\compiler\ti-cgt-msp430_18.12.2.LTS\lib\</path>
         <kind>archive</kind>
         <file>rts430_eabi.lib</file>
         <name>div16u.asm.obj</name>
      </input_file>
      <input_file id="fl-2a">
         <path>C:\ti\ccs910\ccs\tools\compiler\ti-cgt-msp430_18.12.2.LTS\lib\</path>
         <kind>archive</kind>
         <file>rts430_eabi.lib</file>
         <name>epilog.asm.obj</name>
      </input_file>
      <input_file id="fl-2b">
         <path>C:\ti\ccs910\ccs\tools\compiler\ti-cgt-msp430_18.12.2.LTS\lib\</path>
         <kind>archive</kind>
         <file>rts430_eabi.lib</file>
         <name>int00.asm.obj</name>
      </input_file>
      <input_file id="fl-2c">
         <path>C:\ti\ccs910\ccs\tools\compiler\ti-cgt-msp430_18.12.2.LTS\lib\</path>
         <kind>archive</kind>
         <file>rts430_eabi.lib</file>
         <name>int03.asm.obj</name>
      </input_file>
      <input_file id="fl-2d">
         <path>C:\ti\ccs910\ccs\tools\compiler\ti-cgt-msp430_18.12.2.LTS\lib\</path>
         <kind>archive</kind>
         <file>rts430_eabi.lib</file>
         <name>int06.asm.obj</name>
      </input_file>
      <input_file id="fl-2e">
         <path>C:\ti\ccs910\ccs\tools\compiler\ti-cgt-msp430_18.12.2.LTS\lib\</path>
         <kind>archive</kind>
         <file>rts430_eabi.lib</file>
         <name>int07.asm.obj</name>
      </input_file>
      <input_file id="fl-2f">
         <path>C:\ti\ccs910\ccs\tools\compiler\ti-cgt-msp430_18.12.2.LTS\lib\</path>
         <kind>archive</kind>
         <file>rts430_eabi.lib</file>
         <name>int09.asm.obj</name>
      </input_file>
      <input_file id="fl-30">
         <path>C:\ti\ccs910\ccs\tools\compiler\ti-cgt-msp430_18.12.2.LTS\lib\</path>
         <kind>archive</kind>
         <file>rts430_eabi.lib</file>
         <name>int10.asm.obj</name>
      </input_file>
      <input_file id="fl-31">
         <path>C:\ti\ccs910\ccs\tools\compiler\ti-cgt-msp430_18.12.2.LTS\lib\</path>
         <kind>archive</kind>
         <file>rts430_eabi.lib</file>
         <name>int11.asm.obj</name>
      </input_file>
      <input_file id="fl-32">
         <path>C:\ti\ccs910\ccs\tools\compiler\ti-cgt-msp430_18.12.2.LTS\lib\</path>
         <kind>archive</kind>
         <file>rts430_eabi.lib</file>
         <name>int12.asm.obj</name>
      </input_file>
      <input_file id="fl-33">
         <path>C:\ti\ccs910\ccs\tools\compiler\ti-cgt-msp430_18.12.2.LTS\lib\</path>
         <kind>archive</kind>
         <file>rts430_eabi.lib</file>
         <name>int13.asm.obj</name>
      </input_file>
      <input_file id="fl-34">
         <path>C:\ti\ccs910\ccs\tools\compiler\ti-cgt-msp430_18.12.2.LTS\lib\</path>
         <kind>archive</kind>
         <file>rts430_eabi.lib</file>
         <name>int14.asm.obj</name>
      </input_file>
      <input_file id="fl-35">
         <path>C:\ti\ccs910\ccs\tools\compiler\ti-cgt-msp430_18.12.2.LTS\lib\</path>
         <kind>archive</kind>
         <file>rts430_eabi.lib</file>
         <name>isr_trap.asm.obj</name>
      </input_file>
      <input_file id="fl-36">
         <path>C:\ti\ccs910\ccs\tools\compiler\ti-cgt-msp430_18.12.2.LTS\lib\</path>
         <kind>archive</kind>
         <file>rts430_eabi.lib</file>
         <name>lsl32.asm.obj</name>
      </input_file>
      <input_file id="fl-37">
         <path>C:\ti\ccs910\ccs\tools\compiler\ti-cgt-msp430_18.12.2.LTS\lib\</path>
         <kind>archive</kind>
         <file>rts430_eabi.lib</file>
         <name>boot.c.obj</name>
      </input_file>
      <input_file id="fl-38">
         <path>C:\ti\ccs910\ccs\tools\compiler\ti-cgt-msp430_18.12.2.LTS\lib\</path>
         <kind>archive</kind>
         <file>rts430_eabi.lib</file>
         <name>autoinit.c.obj</name>
      </input_file>
      <input_file id="fl-39">
         <path>C:\ti\ccs910\ccs\tools\compiler\ti-cgt-msp430_18.12.2.LTS\lib\</path>
         <kind>archive</kind>
         <file>rts430_eabi.lib</file>
         <name>copy_zero_init.c.obj</name>
      </input_file>
      <input_file id="fl-3a">
         <path>C:\ti\ccs910\ccs\tools\compiler\ti-cgt-msp430_18.12.2.LTS\lib\</path>
         <kind>archive</kind>
         <file>rts430_eabi.lib</file>
         <name>cpy_tbl.c.obj</name>
      </input_file>
      <input_file id="fl-3b">
         <path>C:\ti\ccs910\ccs\tools\compiler\ti-cgt-msp430_18.12.2.LTS\lib\</path>
         <kind>archive</kind>
         <file>rts430_eabi.lib</file>
         <name>mpu_init.c.obj</name>
      </input_file>
      <input_file id="fl-3c">
         <path>C:\ti\ccs910\ccs\tools\compiler\ti-cgt-msp430_18.12.2.LTS\lib\</path>
         <kind>archive</kind>
         <file>rts430_eabi.lib</file>
         <name>pre_init.c.obj</name>
      </input_file>
      <input_file id="fl-3d">
         <path>C:\ti\ccs910\ccs\tools\compiler\ti-cgt-msp430_18.12.2.LTS\lib\</path>
         <kind>archive</kind>
         <file>rts430_eabi.lib</file>
         <name>startup.c.obj</name>
      </input_file>
      <input_file id="fl-3e">
         <path>C:\ti\ccs910\ccs\tools\compiler\ti-cgt-msp430_18.12.2.LTS\lib\</path>
         <kind>archive</kind>
         <file>rts430_eabi.lib</file>
         <name>copy_decompress_none.c.obj</name>
      </input_file>
      <input_file id="fl-3f">
         <path>C:\ti\ccs910\ccs\tools\compiler\ti-cgt-msp430_18.12.2.LTS\lib\</path>
         <kind>archive</kind>
         <file>rts430_eabi.lib</file>
         <name>copy_decompress_lzss.c.obj</name>
      </input_file>
      <input_file id="fl-40">
         <path>C:\ti\ccs910\ccs\tools\compiler\ti-cgt-msp430_18.12.2.LTS\lib\</path>
         <kind>archive</kind>
         <file>rts430_eabi.lib</file>
         <name>exit.c.obj</name>
      </input_file>
      <input_file id="fl-41">
         <path>C:\ti\ccs910\ccs\tools\compiler\ti-cgt-msp430_18.12.2.LTS\lib\</path>
         <kind>archive</kind>
         <file>rts430_eabi.lib</file>
         <name>_lock.c.obj</name>
      </input_file>
      <input_file id="fl-42">
         <path>C:\ti\ccs910\ccs\tools\compiler\ti-cgt-msp430_18.12.2.LTS\lib\</path>
         <kind>archive</kind>
         <file>rts430_eabi.lib</file>
         <name>args_main.c.obj</name>
      </input_file>
      <input_file id="fl-43">
         <path>C:\ti\ccs910\ccs\tools\compiler\ti-cgt-msp430_18.12.2.LTS\lib\</path>
         <kind>archive</kind>
         <file>rts430_eabi.lib</file>
         <name>memcpy.c.obj</name>
      </input_file>
      <input_file id="fl-44">
         <path>C:\ti\ccs910\ccs\tools\compiler\ti-cgt-msp430_18.12.2.LTS\lib\</path>
         <kind>archive</kind>
         <file>rts430_eabi.lib</file>
         <name>memset.c.obj</name>
      </input_file>
      <input_file id="fl-45">
         <path>C:\ti\ccs910\ccs\tools\compiler\ti-cgt-msp430_18.12.2.LTS\lib\</path>
         <kind>archive</kind>
         <file>rts430_eabi.lib</file>
         <name>lsl16.asm.obj</name>
      </input_file>
      <input_file id="fl-46">
         <path>C:\ti\ccs910\ccs\tools\compiler\ti-cgt-msp430_18.12.2.LTS\lib\</path>
         <kind>archive</kind>
         <file>rts430_eabi.lib</file>
         <name>lsr16.asm.obj</name>
      </input_file>
      <input_file id="fl-47">
         <path>C:\ti\ccs910\ccs\tools\compiler\ti-cgt-msp430_18.12.2.LTS\lib\</path>
         <kind>archive</kind>
         <file>rts430_eabi.lib</file>
         <name>mult16.asm.obj</name>
      </input_file>
      <input_file id="fl-48">
         <path>C:\ti\ccs910\ccs\tools\compiler\ti-cgt-msp430_18.12.2.LTS\lib\</path>
         <kind>archive</kind>
         <file>rts430_eabi.lib</file>
         <name>exit_gvars.c.obj</name>
      </input_file>
   </input_file_list>
   <object_component_list>
      <object_component id="oc-1bf">
         <name>.common:_ChildCount</name>
         <uninitialized>true</uninitialized>
         <run_address>0x214</run_address>
         <size>0x1</size>
      </object_component>
      <object_component id="oc-1be">
         <name>.common:_ChildList</name>
         <uninitialized>true</uninitialized>
         <run_address>0x200</run_address>
         <size>0x14</size>
      </object_component>
      <object_component id="oc-1cc">
         <name>.common:__MyHead</name>
         <uninitialized>true</uninitialized>
         <run_address>0x215</run_address>
         <size>0x1</size>
      </object_component>
      <object_component id="oc-149">
         <name>.data</name>
         <load_address>0x216</load_address>
         <run_address>0x216</run_address>
         <size>0x16</size>
         <input_file_ref idref="fl-b"/>
      </object_component>
      <object_component id="oc-b1">
         <name>.stack</name>
         <uninitialized>true</uninitialized>
         <run_address>0x3b0</run_address>
         <size>0x2</size>
         <input_file_ref idref="fl-37"/>
      </object_component>
      <object_component id="oc-38f">
         <name>.stack</name>
         <uninitialized>true</uninitialized>
         <run_address>0x3b0</run_address>
         <size>0x0</size>
      </object_component>
      <object_component id="oc-25c">
         <name>.text:LBT_Listen</name>
         <load_address>0xc000</load_address>
         <run_address>0xc000</run_address>
         <size>0x172</size>
         <input_file_ref idref="fl-7"/>
      </object_component>
      <object_component id="oc-1ac">
         <name>.text:Radio_Init</name>
         <load_address>0xc172</load_address>
         <run_address>0xc172</run_address>
         <size>0x14e</size>
         <input_file_ref idref="fl-4"/>
      </object_component>
      <object_component id="oc-1c6">
         <name>.text:CH_Sense</name>
         <load_address>0xc2c0</load_address>
         <run_address>0xc2c0</run_address>
         <size>0x130</size>
         <input_file_ref idref="fl-2"/>
      </object_component>
      <object_component id="oc-163">
         <name>.text:main</name>
         <load_address>0xc3f0</load_address>
         <run_address>0xc3f0</run_address>
         <size>0xc8</size>
         <input_file_ref idref="fl-b"/>
      </object_component>
      <object_component id="oc-249">
         <name>.text:TDMA_Send</name>
         <load_address>0xc4b8</load_address>
         <run_address>0xc4b8</run_address>
         <size>0xc0</size>
         <input_file_ref idref="fl-7"/>
      </object_component>
      <object_component id="oc-1d3">
         <name>.text:ND_Sense</name>
         <load_address>0xc578</load_address>
         <run_address>0xc578</run_address>
         <size>0x90</size>
         <input_file_ref idref="fl-6"/>
      </object_component>
      <object_component id="oc-1c0">
         <name>.text:CH_TDMA_Assign</name>
         <load_address>0xc608</load_address>
         <run_address>0xc608</run_address>
         <size>0x7c</size>
         <input_file_ref idref="fl-3"/>
      </object_component>
      <object_component id="oc-34">
         <name>.text:decompress:lzss:__TI_decompress_lzss</name>
         <load_address>0xc684</load_address>
         <run_address>0xc684</run_address>
         <size>0x7c</size>
         <input_file_ref idref="fl-3f"/>
      </object_component>
      <object_component id="oc-2d0">
         <name>.text:SPI_Send_Burst</name>
         <load_address>0xc700</load_address>
         <run_address>0xc700</run_address>
         <size>0x70</size>
         <input_file_ref idref="fl-8"/>
      </object_component>
      <object_component id="oc-e1">
         <name>.text:MSP_RX_ISR</name>
         <load_address>0xc770</load_address>
         <run_address>0xc770</run_address>
         <size>0x68</size>
         <input_file_ref idref="fl-b"/>
      </object_component>
      <object_component id="oc-2e2">
         <name>.text:SPI_Read_Burst</name>
         <load_address>0xc7d8</load_address>
         <run_address>0xc7d8</run_address>
         <size>0x56</size>
         <input_file_ref idref="fl-8"/>
      </object_component>
      <object_component id="oc-22e">
         <name>.text:Sleep_Timer</name>
         <load_address>0xc82e</load_address>
         <run_address>0xc82e</run_address>
         <size>0x56</size>
         <input_file_ref idref="fl-c"/>
      </object_component>
      <object_component id="oc-2ca">
         <name>.text:SPI_Read</name>
         <load_address>0xc884</load_address>
         <run_address>0xc884</run_address>
         <size>0x54</size>
         <input_file_ref idref="fl-8"/>
      </object_component>
      <object_component id="oc-ba">
         <name>.text</name>
         <load_address>0xc8d8</load_address>
         <run_address>0xc8d8</run_address>
         <size>0x4c</size>
         <input_file_ref idref="fl-46"/>
      </object_component>
      <object_component id="oc-1b8">
         <name>.text:SPI_Send</name>
         <load_address>0xc924</load_address>
         <run_address>0xc924</run_address>
         <size>0x48</size>
         <input_file_ref idref="fl-8"/>
      </object_component>
      <object_component id="oc-1cd">
         <name>.text:TDMA_Assign</name>
         <load_address>0xc96c</load_address>
         <run_address>0xc96c</run_address>
         <size>0x48</size>
         <input_file_ref idref="fl-9"/>
      </object_component>
      <object_component id="oc-1e6">
         <name>.text:__TI_auto_init_nobinit_nopinit:__TI_auto_init_nobinit_nopinit</name>
         <load_address>0xc9b4</load_address>
         <run_address>0xc9b4</run_address>
         <size>0x42</size>
         <input_file_ref idref="fl-38"/>
      </object_component>
      <object_component id="oc-1a6">
         <name>.text:SPI_Init</name>
         <load_address>0xc9f6</load_address>
         <run_address>0xc9f6</run_address>
         <size>0x40</size>
         <input_file_ref idref="fl-8"/>
      </object_component>
      <object_component id="oc-2e9">
         <name>.text:l_lsl_const</name>
         <load_address>0xca36</load_address>
         <run_address>0xca36</run_address>
         <size>0x3e</size>
         <input_file_ref idref="fl-36"/>
      </object_component>
      <object_component id="oc-19a">
         <name>.text:Board_Init</name>
         <load_address>0xca74</load_address>
         <run_address>0xca74</run_address>
         <size>0x38</size>
         <input_file_ref idref="fl-4"/>
      </object_component>
      <object_component id="oc-2dc">
         <name>.text:SPI_Read_Status</name>
         <load_address>0xcaac</load_address>
         <run_address>0xcaac</run_address>
         <size>0x38</size>
         <input_file_ref idref="fl-8"/>
      </object_component>
      <object_component id="oc-b5">
         <name>.text</name>
         <load_address>0xcae4</load_address>
         <run_address>0xcae4</run_address>
         <size>0x2c</size>
         <input_file_ref idref="fl-45"/>
      </object_component>
      <object_component id="oc-26b">
         <name>.text:Message_Prep_BS</name>
         <load_address>0xcb10</load_address>
         <run_address>0xcb10</run_address>
         <size>0x26</size>
         <input_file_ref idref="fl-5"/>
      </object_component>
      <object_component id="oc-228">
         <name>.text:SPI_Strobe</name>
         <load_address>0xcb36</load_address>
         <run_address>0xcb36</run_address>
         <size>0x26</size>
         <input_file_ref idref="fl-8"/>
      </object_component>
      <object_component id="oc-262">
         <name>.text:long_int_merge_temp</name>
         <load_address>0xcb5c</load_address>
         <run_address>0xcb5c</run_address>
         <size>0x24</size>
         <input_file_ref idref="fl-7"/>
      </object_component>
      <object_component id="oc-ed">
         <name>.text:TimerA_0_ISR</name>
         <load_address>0xcb80</load_address>
         <run_address>0xcb80</run_address>
         <size>0x1e</size>
         <input_file_ref idref="fl-b"/>
      </object_component>
      <object_component id="oc-1a0">
         <name>.text:Timer_Init</name>
         <load_address>0xcb9e</load_address>
         <run_address>0xcb9e</run_address>
         <size>0x1e</size>
         <input_file_ref idref="fl-4"/>
      </object_component>
      <object_component id="oc-105">
         <name>.text:_c_int00_noargs</name>
         <load_address>0xcbbc</load_address>
         <run_address>0xcbbc</run_address>
         <size>0x1c</size>
         <input_file_ref idref="fl-37"/>
      </object_component>
      <object_component id="oc-278">
         <name>.text:long_int_merge</name>
         <load_address>0xcbd8</load_address>
         <run_address>0xcbd8</run_address>
         <size>0x1c</size>
         <input_file_ref idref="fl-7"/>
      </object_component>
      <object_component id="oc-14c">
         <name>.text:Get_Time</name>
         <load_address>0xcbf4</load_address>
         <run_address>0xcbf4</run_address>
         <size>0x1a</size>
         <input_file_ref idref="fl-c"/>
      </object_component>
      <object_component id="oc-243">
         <name>.text:Message_Prep_CH_TDMA</name>
         <load_address>0xcc0e</load_address>
         <run_address>0xcc0e</run_address>
         <size>0x18</size>
         <input_file_ref idref="fl-5"/>
      </object_component>
      <object_component id="oc-283">
         <name>.text:Message_Prep_Sense</name>
         <load_address>0xcc26</load_address>
         <run_address>0xcc26</run_address>
         <size>0x18</size>
         <input_file_ref idref="fl-5"/>
      </object_component>
      <object_component id="oc-2f1">
         <name>.text:long_int_divide_temp</name>
         <load_address>0xcc3e</load_address>
         <run_address>0xcc3e</run_address>
         <size>0x18</size>
         <input_file_ref idref="fl-7"/>
      </object_component>
      <object_component id="oc-f3">
         <name>.text:decompress:ZI:__TI_zero_init_nomemset:__TI_zero_init_nomemset</name>
         <load_address>0xcc56</load_address>
         <run_address>0xcc56</run_address>
         <size>0x14</size>
         <input_file_ref idref="fl-39"/>
      </object_component>
      <object_component id="oc-2c2">
         <name>.text:long_int_divide</name>
         <load_address>0xcc6a</load_address>
         <run_address>0xcc6a</run_address>
         <size>0x14</size>
         <input_file_ref idref="fl-7"/>
      </object_component>
      <object_component id="oc-256">
         <name>.text:memset</name>
         <load_address>0xcc7e</load_address>
         <run_address>0xcc7e</run_address>
         <size>0x14</size>
         <input_file_ref idref="fl-44"/>
      </object_component>
      <object_component id="oc-3a">
         <name>.text:decompress:none:__TI_decompress_none</name>
         <load_address>0xcc92</load_address>
         <run_address>0xcc92</run_address>
         <size>0x12</size>
         <input_file_ref idref="fl-3e"/>
      </object_component>
      <object_component id="oc-cf">
         <name>.text:memcpy</name>
         <load_address>0xcca4</load_address>
         <run_address>0xcca4</run_address>
         <size>0x12</size>
         <input_file_ref idref="fl-43"/>
      </object_component>
      <object_component id="oc-bf">
         <name>.text</name>
         <load_address>0xccb6</load_address>
         <run_address>0xccb6</run_address>
         <size>0x10</size>
         <input_file_ref idref="fl-2a"/>
      </object_component>
      <object_component id="oc-236">
         <name>.text:Address_Bad</name>
         <load_address>0xccc6</load_address>
         <run_address>0xccc6</run_address>
         <size>0xe</size>
         <input_file_ref idref="fl-8"/>
      </object_component>
      <object_component id="oc-1b2">
         <name>.text:Radio_Sleep</name>
         <load_address>0xccd4</load_address>
         <run_address>0xccd4</run_address>
         <size>0xe</size>
         <input_file_ref idref="fl-7"/>
      </object_component>
      <object_component id="oc-e7">
         <name>.text:ADC_ISR</name>
         <load_address>0xcce2</load_address>
         <run_address>0xcce2</run_address>
         <size>0xc</size>
         <input_file_ref idref="fl-b"/>
      </object_component>
      <object_component id="oc-23c">
         <name>.text:Wait_For_CCWake</name>
         <load_address>0xccee</load_address>
         <run_address>0xccee</run_address>
         <size>0xa</size>
         <input_file_ref idref="fl-8"/>
      </object_component>
      <object_component id="oc-dc">
         <name>.text:_isr:__TI_ISR_TRAP</name>
         <load_address>0xccf8</load_address>
         <run_address>0xccf8</run_address>
         <size>0x8</size>
         <input_file_ref idref="fl-35"/>
      </object_component>
      <object_component id="oc-1da">
         <name>.text:abort</name>
         <load_address>0xcd00</load_address>
         <run_address>0xcd00</run_address>
         <size>0x6</size>
         <input_file_ref idref="fl-40"/>
      </object_component>
      <object_component id="oc-15d">
         <name>.text:_system_pre_init</name>
         <load_address>0xcd06</load_address>
         <run_address>0xcd06</run_address>
         <size>0x4</size>
         <input_file_ref idref="fl-3c"/>
      </object_component>
      <object_component id="oc-29d">
         <name>.text:_system_post_cinit</name>
         <load_address>0xcd0a</load_address>
         <run_address>0xcd0a</run_address>
         <size>0x2</size>
         <input_file_ref idref="fl-3d"/>
      </object_component>
      <object_component id="oc-38e">
         <name>.cinit..data.load</name>
         <load_address>0xcd10</load_address>
         <run_address>0xcd10</run_address>
         <size>0xc</size>
      </object_component>
      <object_component id="oc-38b">
         <name>__TI_handler_table</name>
         <load_address>0xcd1c</load_address>
         <run_address>0xcd1c</run_address>
         <size>0x6</size>
      </object_component>
      <object_component id="oc-38d">
         <name>.cinit..bss.load</name>
         <load_address>0xcd22</load_address>
         <run_address>0xcd22</run_address>
         <size>0x4</size>
      </object_component>
      <object_component id="oc-38c">
         <name>__TI_cinit_table</name>
         <load_address>0xcd26</load_address>
         <run_address>0xcd26</run_address>
         <size>0x8</size>
      </object_component>
      <object_component id="oc-268">
         <name>.const</name>
         <load_address>0xcd0c</load_address>
         <run_address>0xcd0c</run_address>
         <size>0x2</size>
         <input_file_ref idref="fl-2"/>
      </object_component>
      <object_component id="oc-280">
         <name>.const</name>
         <load_address>0xcd0e</load_address>
         <run_address>0xcd0e</run_address>
         <size>0x2</size>
         <input_file_ref idref="fl-6"/>
      </object_component>
      <object_component id="oc-34d">
         <name>.binit</name>
         <load_address>0xc000</load_address>
         <run_address>0xc000</run_address>
         <size>0x0</size>
      </object_component>
      <object_component id="oc-40">
         <name>.int00</name>
         <load_address>0xffe0</load_address>
         <run_address>0xffe0</run_address>
         <size>0x2</size>
         <input_file_ref idref="fl-2b"/>
      </object_component>
      <object_component id="oc-41">
         <name>.int02</name>
         <load_address>0xffe4</load_address>
         <run_address>0xffe4</run_address>
         <size>0x2</size>
         <input_file_ref idref="fl-b"/>
      </object_component>
      <object_component id="oc-42">
         <name>.int03</name>
         <load_address>0xffe6</load_address>
         <run_address>0xffe6</run_address>
         <size>0x2</size>
         <input_file_ref idref="fl-2c"/>
      </object_component>
      <object_component id="oc-43">
         <name>.int05</name>
         <load_address>0xffea</load_address>
         <run_address>0xffea</run_address>
         <size>0x2</size>
         <input_file_ref idref="fl-b"/>
      </object_component>
      <object_component id="oc-44">
         <name>.int06</name>
         <load_address>0xffec</load_address>
         <run_address>0xffec</run_address>
         <size>0x2</size>
         <input_file_ref idref="fl-2d"/>
      </object_component>
      <object_component id="oc-45">
         <name>.int07</name>
         <load_address>0xffee</load_address>
         <run_address>0xffee</run_address>
         <size>0x2</size>
         <input_file_ref idref="fl-2e"/>
      </object_component>
      <object_component id="oc-46">
         <name>.int08</name>
         <load_address>0xfff0</load_address>
         <run_address>0xfff0</run_address>
         <size>0x2</size>
         <input_file_ref idref="fl-b"/>
      </object_component>
      <object_component id="oc-47">
         <name>.int09</name>
         <load_address>0xfff2</load_address>
         <run_address>0xfff2</run_address>
         <size>0x2</size>
         <input_file_ref idref="fl-2f"/>
      </object_component>
      <object_component id="oc-48">
         <name>.int10</name>
         <load_address>0xfff4</load_address>
         <run_address>0xfff4</run_address>
         <size>0x2</size>
         <input_file_ref idref="fl-30"/>
      </object_component>
      <object_component id="oc-49">
         <name>.int11</name>
         <load_address>0xfff6</load_address>
         <run_address>0xfff6</run_address>
         <size>0x2</size>
         <input_file_ref idref="fl-31"/>
      </object_component>
      <object_component id="oc-4a">
         <name>.int12</name>
         <load_address>0xfff8</load_address>
         <run_address>0xfff8</run_address>
         <size>0x2</size>
         <input_file_ref idref="fl-32"/>
      </object_component>
      <object_component id="oc-4b">
         <name>.int13</name>
         <load_address>0xfffa</load_address>
         <run_address>0xfffa</run_address>
         <size>0x2</size>
         <input_file_ref idref="fl-33"/>
      </object_component>
      <object_component id="oc-4c">
         <name>.int14</name>
         <load_address>0xfffc</load_address>
         <run_address>0xfffc</run_address>
         <size>0x2</size>
         <input_file_ref idref="fl-34"/>
      </object_component>
      <object_component id="oc-b4">
         <name>.reset</name>
         <load_address>0xfffe</load_address>
         <run_address>0xfffe</run_address>
         <size>0x2</size>
         <input_file_ref idref="fl-37"/>
      </object_component>
      <object_component id="oc-272">
         <name>.debug_info</name>
         <load_address>0x0</load_address>
         <run_address>0x0</run_address>
         <size>0x302</size>
         <input_file_ref idref="fl-2"/>
      </object_component>
      <object_component id="oc-269">
         <name>.debug_info</name>
         <load_address>0x302</load_address>
         <run_address>0x302</run_address>
         <size>0xdb</size>
         <input_file_ref idref="fl-2"/>
      </object_component>
      <object_component id="oc-1c7">
         <name>.debug_info</name>
         <load_address>0x3dd</load_address>
         <run_address>0x3dd</run_address>
         <size>0x386</size>
         <input_file_ref idref="fl-2"/>
      </object_component>
      <object_component id="oc-273">
         <name>.debug_info</name>
         <load_address>0x763</load_address>
         <run_address>0x763</run_address>
         <size>0xf0</size>
         <input_file_ref idref="fl-2"/>
      </object_component>
      <object_component id="oc-250">
         <name>.debug_info</name>
         <load_address>0x853</load_address>
         <run_address>0x853</run_address>
         <size>0x101</size>
         <input_file_ref idref="fl-2"/>
      </object_component>
      <object_component id="oc-21b">
         <name>.debug_info</name>
         <load_address>0x954</load_address>
         <run_address>0x954</run_address>
         <size>0x26b</size>
         <input_file_ref idref="fl-2"/>
      </object_component>
      <object_component id="oc-ca">
         <name>.debug_info</name>
         <load_address>0xbbf</load_address>
         <run_address>0xbbf</run_address>
         <size>0x84</size>
         <input_file_ref idref="fl-2"/>
      </object_component>
      <object_component id="oc-220">
         <name>.debug_info</name>
         <load_address>0xc43</load_address>
         <run_address>0xc43</run_address>
         <size>0x275</size>
         <input_file_ref idref="fl-2"/>
      </object_component>
      <object_component id="oc-18c">
         <name>.debug_info</name>
         <load_address>0xeb8</load_address>
         <run_address>0xeb8</run_address>
         <size>0xbb</size>
         <input_file_ref idref="fl-2"/>
      </object_component>
      <object_component id="oc-255">
         <name>.debug_info</name>
         <load_address>0xf73</load_address>
         <run_address>0xf73</run_address>
         <size>0x24e</size>
         <input_file_ref idref="fl-3"/>
      </object_component>
      <object_component id="oc-1c1">
         <name>.debug_info</name>
         <load_address>0x11c1</load_address>
         <run_address>0x11c1</run_address>
         <size>0x283</size>
         <input_file_ref idref="fl-3"/>
      </object_component>
      <object_component id="oc-1a4">
         <name>.debug_info</name>
         <load_address>0x1444</load_address>
         <run_address>0x1444</run_address>
         <size>0x116</size>
         <input_file_ref idref="fl-4"/>
      </object_component>
      <object_component id="oc-1ae">
         <name>.debug_info</name>
         <load_address>0x155a</load_address>
         <run_address>0x155a</run_address>
         <size>0x2ce</size>
         <input_file_ref idref="fl-4"/>
      </object_component>
      <object_component id="oc-19e">
         <name>.debug_info</name>
         <load_address>0x1828</load_address>
         <run_address>0x1828</run_address>
         <size>0x116</size>
         <input_file_ref idref="fl-4"/>
      </object_component>
      <object_component id="oc-2c9">
         <name>.debug_info</name>
         <load_address>0x193e</load_address>
         <run_address>0x193e</run_address>
         <size>0x1d7</size>
         <input_file_ref idref="fl-5"/>
      </object_component>
      <object_component id="oc-284">
         <name>.debug_info</name>
         <load_address>0x1b15</load_address>
         <run_address>0x1b15</run_address>
         <size>0x1d0</size>
         <input_file_ref idref="fl-5"/>
      </object_component>
      <object_component id="oc-244">
         <name>.debug_info</name>
         <load_address>0x1ce5</load_address>
         <run_address>0x1ce5</run_address>
         <size>0x1d7</size>
         <input_file_ref idref="fl-5"/>
      </object_component>
      <object_component id="oc-26c">
         <name>.debug_info</name>
         <load_address>0x1ebc</load_address>
         <run_address>0x1ebc</run_address>
         <size>0x201</size>
         <input_file_ref idref="fl-5"/>
      </object_component>
      <object_component id="oc-28a">
         <name>.debug_info</name>
         <load_address>0x20bd</load_address>
         <run_address>0x20bd</run_address>
         <size>0x2c5</size>
         <input_file_ref idref="fl-6"/>
      </object_component>
      <object_component id="oc-281">
         <name>.debug_info</name>
         <load_address>0x2382</load_address>
         <run_address>0x2382</run_address>
         <size>0xdb</size>
         <input_file_ref idref="fl-6"/>
      </object_component>
      <object_component id="oc-1d5">
         <name>.debug_info</name>
         <load_address>0x245d</load_address>
         <run_address>0x245d</run_address>
         <size>0x280</size>
         <input_file_ref idref="fl-6"/>
      </object_component>
      <object_component id="oc-2d7">
         <name>.debug_info</name>
         <load_address>0x26dd</load_address>
         <run_address>0x26dd</run_address>
         <size>0x36f</size>
         <input_file_ref idref="fl-7"/>
      </object_component>
      <object_component id="oc-263">
         <name>.debug_info</name>
         <load_address>0x2a4c</load_address>
         <run_address>0x2a4c</run_address>
         <size>0x238</size>
         <input_file_ref idref="fl-7"/>
      </object_component>
      <object_component id="oc-279">
         <name>.debug_info</name>
         <load_address>0x2c84</load_address>
         <run_address>0x2c84</run_address>
         <size>0x1e4</size>
         <input_file_ref idref="fl-7"/>
      </object_component>
      <object_component id="oc-2f2">
         <name>.debug_info</name>
         <load_address>0x2e68</load_address>
         <run_address>0x2e68</run_address>
         <size>0x1a5</size>
         <input_file_ref idref="fl-7"/>
      </object_component>
      <object_component id="oc-2c5">
         <name>.debug_info</name>
         <load_address>0x300d</load_address>
         <run_address>0x300d</run_address>
         <size>0x19b</size>
         <input_file_ref idref="fl-7"/>
      </object_component>
      <object_component id="oc-24c">
         <name>.debug_info</name>
         <load_address>0x31a8</load_address>
         <run_address>0x31a8</run_address>
         <size>0x37e</size>
         <input_file_ref idref="fl-7"/>
      </object_component>
      <object_component id="oc-1b4">
         <name>.debug_info</name>
         <load_address>0x3526</load_address>
         <run_address>0x3526</run_address>
         <size>0x123</size>
         <input_file_ref idref="fl-7"/>
      </object_component>
      <object_component id="oc-25f">
         <name>.debug_info</name>
         <load_address>0x3649</load_address>
         <run_address>0x3649</run_address>
         <size>0x36f</size>
         <input_file_ref idref="fl-7"/>
      </object_component>
      <object_component id="oc-333">
         <name>.debug_info</name>
         <load_address>0x39b8</load_address>
         <run_address>0x39b8</run_address>
         <size>0x2a3</size>
         <input_file_ref idref="fl-8"/>
      </object_component>
      <object_component id="oc-240">
         <name>.debug_info</name>
         <load_address>0x3c5b</load_address>
         <run_address>0x3c5b</run_address>
         <size>0x128</size>
         <input_file_ref idref="fl-8"/>
      </object_component>
      <object_component id="oc-22c">
         <name>.debug_info</name>
         <load_address>0x3d83</load_address>
         <run_address>0x3d83</run_address>
         <size>0x185</size>
         <input_file_ref idref="fl-8"/>
      </object_component>
      <object_component id="oc-239">
         <name>.debug_info</name>
         <load_address>0x3f08</load_address>
         <run_address>0x3f08</run_address>
         <size>0x152</size>
         <input_file_ref idref="fl-8"/>
      </object_component>
      <object_component id="oc-2d4">
         <name>.debug_info</name>
         <load_address>0x405a</load_address>
         <run_address>0x405a</run_address>
         <size>0x1f1</size>
         <input_file_ref idref="fl-8"/>
      </object_component>
      <object_component id="oc-1bc">
         <name>.debug_info</name>
         <load_address>0x424b</load_address>
         <run_address>0x424b</run_address>
         <size>0x1b0</size>
         <input_file_ref idref="fl-8"/>
      </object_component>
      <object_component id="oc-2dd">
         <name>.debug_info</name>
         <load_address>0x43fb</load_address>
         <run_address>0x43fb</run_address>
         <size>0x193</size>
         <input_file_ref idref="fl-8"/>
      </object_component>
      <object_component id="oc-2e4">
         <name>.debug_info</name>
         <load_address>0x458e</load_address>
         <run_address>0x458e</run_address>
         <size>0x1e9</size>
         <input_file_ref idref="fl-8"/>
      </object_component>
      <object_component id="oc-2cd">
         <name>.debug_info</name>
         <load_address>0x4777</load_address>
         <run_address>0x4777</run_address>
         <size>0x1a8</size>
         <input_file_ref idref="fl-8"/>
      </object_component>
      <object_component id="oc-1a9">
         <name>.debug_info</name>
         <load_address>0x491f</load_address>
         <run_address>0x491f</run_address>
         <size>0x11b</size>
         <input_file_ref idref="fl-8"/>
      </object_component>
      <object_component id="oc-27f">
         <name>.debug_info</name>
         <load_address>0x4a3a</load_address>
         <run_address>0x4a3a</run_address>
         <size>0x20f</size>
         <input_file_ref idref="fl-9"/>
      </object_component>
      <object_component id="oc-1d0">
         <name>.debug_info</name>
         <load_address>0x4c49</load_address>
         <run_address>0x4c49</run_address>
         <size>0x1ce</size>
         <input_file_ref idref="fl-9"/>
      </object_component>
      <object_component id="oc-18a">
         <name>.debug_info</name>
         <load_address>0x4e17</load_address>
         <run_address>0x4e17</run_address>
         <size>0x44c</size>
         <input_file_ref idref="fl-b"/>
      </object_component>
      <object_component id="oc-14a">
         <name>.debug_info</name>
         <load_address>0x5263</load_address>
         <run_address>0x5263</run_address>
         <size>0x1f3</size>
         <input_file_ref idref="fl-b"/>
      </object_component>
      <object_component id="oc-166">
         <name>.debug_info</name>
         <load_address>0x5456</load_address>
         <run_address>0x5456</run_address>
         <size>0x1c2</size>
         <input_file_ref idref="fl-b"/>
      </object_component>
      <object_component id="oc-f0">
         <name>.debug_info</name>
         <load_address>0x5618</load_address>
         <run_address>0x5618</run_address>
         <size>0x10f</size>
         <input_file_ref idref="fl-b"/>
      </object_component>
      <object_component id="oc-e4">
         <name>.debug_info</name>
         <load_address>0x5727</load_address>
         <run_address>0x5727</run_address>
         <size>0x11a</size>
         <input_file_ref idref="fl-b"/>
      </object_component>
      <object_component id="oc-ea">
         <name>.debug_info</name>
         <load_address>0x5841</load_address>
         <run_address>0x5841</run_address>
         <size>0x105</size>
         <input_file_ref idref="fl-b"/>
      </object_component>
      <object_component id="oc-191">
         <name>.debug_info</name>
         <load_address>0x5946</load_address>
         <run_address>0x5946</run_address>
         <size>0x101</size>
         <input_file_ref idref="fl-b"/>
      </object_component>
      <object_component id="oc-231">
         <name>.debug_info</name>
         <load_address>0x5a47</load_address>
         <run_address>0x5a47</run_address>
         <size>0x1b0</size>
         <input_file_ref idref="fl-c"/>
      </object_component>
      <object_component id="oc-14e">
         <name>.debug_info</name>
         <load_address>0x5bf7</load_address>
         <run_address>0x5bf7</run_address>
         <size>0x130</size>
         <input_file_ref idref="fl-c"/>
      </object_component>
      <object_component id="oc-c2">
         <name>.debug_info</name>
         <load_address>0x5d27</load_address>
         <run_address>0x5d27</run_address>
         <size>0x12f</size>
         <input_file_ref idref="fl-2a"/>
      </object_component>
      <object_component id="oc-dd">
         <name>.debug_info</name>
         <load_address>0x5e56</load_address>
         <run_address>0x5e56</run_address>
         <size>0x110</size>
         <input_file_ref idref="fl-35"/>
      </object_component>
      <object_component id="oc-2ea">
         <name>.debug_info</name>
         <load_address>0x5f66</load_address>
         <run_address>0x5f66</run_address>
         <size>0x127</size>
         <input_file_ref idref="fl-36"/>
      </object_component>
      <object_component id="oc-b2">
         <name>.debug_info</name>
         <load_address>0x608d</load_address>
         <run_address>0x608d</run_address>
         <size>0x101</size>
         <input_file_ref idref="fl-37"/>
      </object_component>
      <object_component id="oc-106">
         <name>.debug_info</name>
         <load_address>0x618e</load_address>
         <run_address>0x618e</run_address>
         <size>0x17b</size>
         <input_file_ref idref="fl-37"/>
      </object_component>
      <object_component id="oc-2a4">
         <name>.debug_info</name>
         <load_address>0x6309</load_address>
         <run_address>0x6309</run_address>
         <size>0x3df</size>
         <input_file_ref idref="fl-38"/>
      </object_component>
      <object_component id="oc-1e8">
         <name>.debug_info</name>
         <load_address>0x66e8</load_address>
         <run_address>0x66e8</run_address>
         <size>0x1e1</size>
         <input_file_ref idref="fl-38"/>
      </object_component>
      <object_component id="oc-319">
         <name>.debug_info</name>
         <load_address>0x68c9</load_address>
         <run_address>0x68c9</run_address>
         <size>0x39</size>
         <input_file_ref idref="fl-38"/>
      </object_component>
      <object_component id="oc-32a">
         <name>.debug_info</name>
         <load_address>0x6902</load_address>
         <run_address>0x6902</run_address>
         <size>0x2c</size>
         <input_file_ref idref="fl-38"/>
      </object_component>
      <object_component id="oc-2af">
         <name>.debug_info</name>
         <load_address>0x692e</load_address>
         <run_address>0x692e</run_address>
         <size>0x2c</size>
         <input_file_ref idref="fl-38"/>
      </object_component>
      <object_component id="oc-31e">
         <name>.debug_info</name>
         <load_address>0x695a</load_address>
         <run_address>0x695a</run_address>
         <size>0xcd</size>
         <input_file_ref idref="fl-38"/>
      </object_component>
      <object_component id="oc-15b">
         <name>.debug_info</name>
         <load_address>0x6a27</load_address>
         <run_address>0x6a27</run_address>
         <size>0x176</size>
         <input_file_ref idref="fl-39"/>
      </object_component>
      <object_component id="oc-f5">
         <name>.debug_info</name>
         <load_address>0x6b9d</load_address>
         <run_address>0x6b9d</run_address>
         <size>0x1d3</size>
         <input_file_ref idref="fl-39"/>
      </object_component>
      <object_component id="oc-156">
         <name>.debug_info</name>
         <load_address>0x6d70</load_address>
         <run_address>0x6d70</run_address>
         <size>0x46</size>
         <input_file_ref idref="fl-39"/>
      </object_component>
      <object_component id="oc-13c">
         <name>.debug_info</name>
         <load_address>0x6db6</load_address>
         <run_address>0x6db6</run_address>
         <size>0x2c</size>
         <input_file_ref idref="fl-39"/>
      </object_component>
      <object_component id="oc-161">
         <name>.debug_info</name>
         <load_address>0x6de2</load_address>
         <run_address>0x6de2</run_address>
         <size>0x154</size>
         <input_file_ref idref="fl-3c"/>
      </object_component>
      <object_component id="oc-29e">
         <name>.debug_info</name>
         <load_address>0x6f36</load_address>
         <run_address>0x6f36</run_address>
         <size>0x151</size>
         <input_file_ref idref="fl-3d"/>
      </object_component>
      <object_component id="oc-db">
         <name>.debug_info</name>
         <load_address>0x7087</load_address>
         <run_address>0x7087</run_address>
         <size>0x181</size>
         <input_file_ref idref="fl-3e"/>
      </object_component>
      <object_component id="oc-3e">
         <name>.debug_info</name>
         <load_address>0x7208</load_address>
         <run_address>0x7208</run_address>
         <size>0x1eb</size>
         <input_file_ref idref="fl-3e"/>
      </object_component>
      <object_component id="oc-d6">
         <name>.debug_info</name>
         <load_address>0x73f3</load_address>
         <run_address>0x73f3</run_address>
         <size>0x46</size>
         <input_file_ref idref="fl-3e"/>
      </object_component>
      <object_component id="oc-141">
         <name>.debug_info</name>
         <load_address>0x7439</load_address>
         <run_address>0x7439</run_address>
         <size>0x2c</size>
         <input_file_ref idref="fl-3e"/>
      </object_component>
      <object_component id="oc-139">
         <name>.debug_info</name>
         <load_address>0x7465</load_address>
         <run_address>0x7465</run_address>
         <size>0x177</size>
         <input_file_ref idref="fl-3f"/>
      </object_component>
      <object_component id="oc-35">
         <name>.debug_info</name>
         <load_address>0x75dc</load_address>
         <run_address>0x75dc</run_address>
         <size>0x293</size>
         <input_file_ref idref="fl-3f"/>
      </object_component>
      <object_component id="oc-c5">
         <name>.debug_info</name>
         <load_address>0x786f</load_address>
         <run_address>0x786f</run_address>
         <size>0x60</size>
         <input_file_ref idref="fl-3f"/>
      </object_component>
      <object_component id="oc-17f">
         <name>.debug_info</name>
         <load_address>0x78cf</load_address>
         <run_address>0x78cf</run_address>
         <size>0x46</size>
         <input_file_ref idref="fl-3f"/>
      </object_component>
      <object_component id="oc-134">
         <name>.debug_info</name>
         <load_address>0x7915</load_address>
         <run_address>0x7915</run_address>
         <size>0x39</size>
         <input_file_ref idref="fl-3f"/>
      </object_component>
      <object_component id="oc-1dc">
         <name>.debug_info</name>
         <load_address>0x794e</load_address>
         <run_address>0x794e</run_address>
         <size>0x123</size>
         <input_file_ref idref="fl-40"/>
      </object_component>
      <object_component id="oc-13b">
         <name>.debug_info</name>
         <load_address>0x7a71</load_address>
         <run_address>0x7a71</run_address>
         <size>0x182</size>
         <input_file_ref idref="fl-43"/>
      </object_component>
      <object_component id="oc-d3">
         <name>.debug_info</name>
         <load_address>0x7bf3</load_address>
         <run_address>0x7bf3</run_address>
         <size>0x17b</size>
         <input_file_ref idref="fl-43"/>
      </object_component>
      <object_component id="oc-2db">
         <name>.debug_info</name>
         <load_address>0x7d6e</load_address>
         <run_address>0x7d6e</run_address>
         <size>0x16e</size>
         <input_file_ref idref="fl-44"/>
      </object_component>
      <object_component id="oc-259">
         <name>.debug_info</name>
         <load_address>0x7edc</load_address>
         <run_address>0x7edc</run_address>
         <size>0x276</size>
         <input_file_ref idref="fl-44"/>
      </object_component>
      <object_component id="oc-b6">
         <name>.debug_info</name>
         <load_address>0x8152</load_address>
         <run_address>0x8152</run_address>
         <size>0x121</size>
         <input_file_ref idref="fl-45"/>
      </object_component>
      <object_component id="oc-bc">
         <name>.debug_info</name>
         <load_address>0x8273</load_address>
         <run_address>0x8273</run_address>
         <size>0x121</size>
         <input_file_ref idref="fl-46"/>
      </object_component>
      <object_component id="oc-390">
         <name>.debug_info</name>
         <load_address>0x8394</load_address>
         <run_address>0x8394</run_address>
         <size>0xab</size>
      </object_component>
      <object_component id="oc-2f9">
         <name>.debug_line</name>
         <load_address>0x0</load_address>
         <run_address>0x0</run_address>
         <size>0xa2</size>
         <input_file_ref idref="fl-2"/>
      </object_component>
      <object_component id="oc-2f0">
         <name>.debug_line</name>
         <load_address>0xa2</load_address>
         <run_address>0xa2</run_address>
         <size>0x31</size>
         <input_file_ref idref="fl-2"/>
      </object_component>
      <object_component id="oc-1cb">
         <name>.debug_line</name>
         <load_address>0xd3</load_address>
         <run_address>0xd3</run_address>
         <size>0x8c</size>
         <input_file_ref idref="fl-2"/>
      </object_component>
      <object_component id="oc-276">
         <name>.debug_line</name>
         <load_address>0x15f</load_address>
         <run_address>0x15f</run_address>
         <size>0x2e</size>
         <input_file_ref idref="fl-2"/>
      </object_component>
      <object_component id="oc-253">
         <name>.debug_line</name>
         <load_address>0x18d</load_address>
         <run_address>0x18d</run_address>
         <size>0x2f</size>
         <input_file_ref idref="fl-2"/>
      </object_component>
      <object_component id="oc-21e">
         <name>.debug_line</name>
         <load_address>0x1bc</load_address>
         <run_address>0x1bc</run_address>
         <size>0x72</size>
         <input_file_ref idref="fl-2"/>
      </object_component>
      <object_component id="oc-cd">
         <name>.debug_line</name>
         <load_address>0x22e</load_address>
         <run_address>0x22e</run_address>
         <size>0x20</size>
         <input_file_ref idref="fl-2"/>
      </object_component>
      <object_component id="oc-223">
         <name>.debug_line</name>
         <load_address>0x24e</load_address>
         <run_address>0x24e</run_address>
         <size>0x76</size>
         <input_file_ref idref="fl-2"/>
      </object_component>
      <object_component id="oc-18f">
         <name>.debug_line</name>
         <load_address>0x2c4</load_address>
         <run_address>0x2c4</run_address>
         <size>0x73</size>
         <input_file_ref idref="fl-2"/>
      </object_component>
      <object_component id="oc-2d9">
         <name>.debug_line</name>
         <load_address>0x337</load_address>
         <run_address>0x337</run_address>
         <size>0x91</size>
         <input_file_ref idref="fl-3"/>
      </object_component>
      <object_component id="oc-1c4">
         <name>.debug_line</name>
         <load_address>0x3c8</load_address>
         <run_address>0x3c8</run_address>
         <size>0x61</size>
         <input_file_ref idref="fl-3"/>
      </object_component>
      <object_component id="oc-1a2">
         <name>.debug_line</name>
         <load_address>0x429</load_address>
         <run_address>0x429</run_address>
         <size>0x49</size>
         <input_file_ref idref="fl-4"/>
      </object_component>
      <object_component id="oc-1b1">
         <name>.debug_line</name>
         <load_address>0x472</load_address>
         <run_address>0x472</run_address>
         <size>0x62</size>
         <input_file_ref idref="fl-4"/>
      </object_component>
      <object_component id="oc-19d">
         <name>.debug_line</name>
         <load_address>0x4d4</load_address>
         <run_address>0x4d4</run_address>
         <size>0x4f</size>
         <input_file_ref idref="fl-4"/>
      </object_component>
      <object_component id="oc-331">
         <name>.debug_line</name>
         <load_address>0x523</load_address>
         <run_address>0x523</run_address>
         <size>0x2e</size>
         <input_file_ref idref="fl-5"/>
      </object_component>
      <object_component id="oc-287">
         <name>.debug_line</name>
         <load_address>0x551</load_address>
         <run_address>0x551</run_address>
         <size>0x4b</size>
         <input_file_ref idref="fl-5"/>
      </object_component>
      <object_component id="oc-247">
         <name>.debug_line</name>
         <load_address>0x59c</load_address>
         <run_address>0x59c</run_address>
         <size>0x4b</size>
         <input_file_ref idref="fl-5"/>
      </object_component>
      <object_component id="oc-270">
         <name>.debug_line</name>
         <load_address>0x5e7</load_address>
         <run_address>0x5e7</run_address>
         <size>0x4a</size>
         <input_file_ref idref="fl-5"/>
      </object_component>
      <object_component id="oc-301">
         <name>.debug_line</name>
         <load_address>0x631</load_address>
         <run_address>0x631</run_address>
         <size>0xa2</size>
         <input_file_ref idref="fl-6"/>
      </object_component>
      <object_component id="oc-2fe">
         <name>.debug_line</name>
         <load_address>0x6d3</load_address>
         <run_address>0x6d3</run_address>
         <size>0x31</size>
         <input_file_ref idref="fl-6"/>
      </object_component>
      <object_component id="oc-1d4">
         <name>.debug_line</name>
         <load_address>0x704</load_address>
         <run_address>0x704</run_address>
         <size>0x4e</size>
         <input_file_ref idref="fl-6"/>
      </object_component>
      <object_component id="oc-336">
         <name>.debug_line</name>
         <load_address>0x752</load_address>
         <run_address>0x752</run_address>
         <size>0x82</size>
         <input_file_ref idref="fl-7"/>
      </object_component>
      <object_component id="oc-267">
         <name>.debug_line</name>
         <load_address>0x7d4</load_address>
         <run_address>0x7d4</run_address>
         <size>0x4a</size>
         <input_file_ref idref="fl-7"/>
      </object_component>
      <object_component id="oc-27c">
         <name>.debug_line</name>
         <load_address>0x81e</load_address>
         <run_address>0x81e</run_address>
         <size>0x49</size>
         <input_file_ref idref="fl-7"/>
      </object_component>
      <object_component id="oc-2f5">
         <name>.debug_line</name>
         <load_address>0x867</load_address>
         <run_address>0x867</run_address>
         <size>0x48</size>
         <input_file_ref idref="fl-7"/>
      </object_component>
      <object_component id="oc-2c4">
         <name>.debug_line</name>
         <load_address>0x8af</load_address>
         <run_address>0x8af</run_address>
         <size>0x47</size>
         <input_file_ref idref="fl-7"/>
      </object_component>
      <object_component id="oc-24a">
         <name>.debug_line</name>
         <load_address>0x8f6</load_address>
         <run_address>0x8f6</run_address>
         <size>0x6b</size>
         <input_file_ref idref="fl-7"/>
      </object_component>
      <object_component id="oc-1b3">
         <name>.debug_line</name>
         <load_address>0x961</load_address>
         <run_address>0x961</run_address>
         <size>0x44</size>
         <input_file_ref idref="fl-7"/>
      </object_component>
      <object_component id="oc-25e">
         <name>.debug_line</name>
         <load_address>0x9a5</load_address>
         <run_address>0x9a5</run_address>
         <size>0xab</size>
         <input_file_ref idref="fl-7"/>
      </object_component>
      <object_component id="oc-34b">
         <name>.debug_line</name>
         <load_address>0xa50</load_address>
         <run_address>0xa50</run_address>
         <size>0x5a</size>
         <input_file_ref idref="fl-8"/>
      </object_component>
      <object_component id="oc-23f">
         <name>.debug_line</name>
         <load_address>0xaaa</load_address>
         <run_address>0xaaa</run_address>
         <size>0x47</size>
         <input_file_ref idref="fl-8"/>
      </object_component>
      <object_component id="oc-22a">
         <name>.debug_line</name>
         <load_address>0xaf1</load_address>
         <run_address>0xaf1</run_address>
         <size>0x55</size>
         <input_file_ref idref="fl-8"/>
      </object_component>
      <object_component id="oc-238">
         <name>.debug_line</name>
         <load_address>0xb46</load_address>
         <run_address>0xb46</run_address>
         <size>0x47</size>
         <input_file_ref idref="fl-8"/>
      </object_component>
      <object_component id="oc-2d3">
         <name>.debug_line</name>
         <load_address>0xb8d</load_address>
         <run_address>0xb8d</run_address>
         <size>0x73</size>
         <input_file_ref idref="fl-8"/>
      </object_component>
      <object_component id="oc-1ba">
         <name>.debug_line</name>
         <load_address>0xc00</load_address>
         <run_address>0xc00</run_address>
         <size>0x67</size>
         <input_file_ref idref="fl-8"/>
      </object_component>
      <object_component id="oc-2e0">
         <name>.debug_line</name>
         <load_address>0xc67</load_address>
         <run_address>0xc67</run_address>
         <size>0x5c</size>
         <input_file_ref idref="fl-8"/>
      </object_component>
      <object_component id="oc-2e3">
         <name>.debug_line</name>
         <load_address>0xcc3</load_address>
         <run_address>0xcc3</run_address>
         <size>0x6f</size>
         <input_file_ref idref="fl-8"/>
      </object_component>
      <object_component id="oc-2cc">
         <name>.debug_line</name>
         <load_address>0xd32</load_address>
         <run_address>0xd32</run_address>
         <size>0x63</size>
         <input_file_ref idref="fl-8"/>
      </object_component>
      <object_component id="oc-1a8">
         <name>.debug_line</name>
         <load_address>0xd95</load_address>
         <run_address>0xd95</run_address>
         <size>0x52</size>
         <input_file_ref idref="fl-8"/>
      </object_component>
      <object_component id="oc-2fc">
         <name>.debug_line</name>
         <load_address>0xde7</load_address>
         <run_address>0xde7</run_address>
         <size>0x42</size>
         <input_file_ref idref="fl-9"/>
      </object_component>
      <object_component id="oc-1ce">
         <name>.debug_line</name>
         <load_address>0xe29</load_address>
         <run_address>0xe29</run_address>
         <size>0x4b</size>
         <input_file_ref idref="fl-9"/>
      </object_component>
      <object_component id="oc-21a">
         <name>.debug_line</name>
         <load_address>0xe74</load_address>
         <run_address>0xe74</run_address>
         <size>0xfb</size>
         <input_file_ref idref="fl-b"/>
      </object_component>
      <object_component id="oc-189">
         <name>.debug_line</name>
         <load_address>0xf6f</load_address>
         <run_address>0xf6f</run_address>
         <size>0x2d</size>
         <input_file_ref idref="fl-b"/>
      </object_component>
      <object_component id="oc-164">
         <name>.debug_line</name>
         <load_address>0xf9c</load_address>
         <run_address>0xf9c</run_address>
         <size>0x6b</size>
         <input_file_ref idref="fl-b"/>
      </object_component>
      <object_component id="oc-ee">
         <name>.debug_line</name>
         <load_address>0x1007</load_address>
         <run_address>0x1007</run_address>
         <size>0x48</size>
         <input_file_ref idref="fl-b"/>
      </object_component>
      <object_component id="oc-e2">
         <name>.debug_line</name>
         <load_address>0x104f</load_address>
         <run_address>0x104f</run_address>
         <size>0x4f</size>
         <input_file_ref idref="fl-b"/>
      </object_component>
      <object_component id="oc-e8">
         <name>.debug_line</name>
         <load_address>0x109e</load_address>
         <run_address>0x109e</run_address>
         <size>0x44</size>
         <input_file_ref idref="fl-b"/>
      </object_component>
      <object_component id="oc-194">
         <name>.debug_line</name>
         <load_address>0x10e2</load_address>
         <run_address>0x10e2</run_address>
         <size>0x2f</size>
         <input_file_ref idref="fl-b"/>
      </object_component>
      <object_component id="oc-233">
         <name>.debug_line</name>
         <load_address>0x1111</load_address>
         <run_address>0x1111</run_address>
         <size>0x69</size>
         <input_file_ref idref="fl-c"/>
      </object_component>
      <object_component id="oc-151">
         <name>.debug_line</name>
         <load_address>0x117a</load_address>
         <run_address>0x117a</run_address>
         <size>0x4b</size>
         <input_file_ref idref="fl-c"/>
      </object_component>
      <object_component id="oc-c0">
         <name>.debug_line</name>
         <load_address>0x11c5</load_address>
         <run_address>0x11c5</run_address>
         <size>0x40</size>
         <input_file_ref idref="fl-2a"/>
      </object_component>
      <object_component id="oc-e0">
         <name>.debug_line</name>
         <load_address>0x1205</load_address>
         <run_address>0x1205</run_address>
         <size>0x3d</size>
         <input_file_ref idref="fl-35"/>
      </object_component>
      <object_component id="oc-2ed">
         <name>.debug_line</name>
         <load_address>0x1242</load_address>
         <run_address>0x1242</run_address>
         <size>0x56</size>
         <input_file_ref idref="fl-36"/>
      </object_component>
      <object_component id="oc-130">
         <name>.debug_line</name>
         <load_address>0x1298</load_address>
         <run_address>0x1298</run_address>
         <size>0x2a</size>
         <input_file_ref idref="fl-37"/>
      </object_component>
      <object_component id="oc-109">
         <name>.debug_line</name>
         <load_address>0x12c2</load_address>
         <run_address>0x12c2</run_address>
         <size>0x46</size>
         <input_file_ref idref="fl-37"/>
      </object_component>
      <object_component id="oc-318">
         <name>.debug_line</name>
         <load_address>0x1308</load_address>
         <run_address>0x1308</run_address>
         <size>0xbf</size>
         <input_file_ref idref="fl-38"/>
      </object_component>
      <object_component id="oc-1eb">
         <name>.debug_line</name>
         <load_address>0x13c7</load_address>
         <run_address>0x13c7</run_address>
         <size>0x75</size>
         <input_file_ref idref="fl-38"/>
      </object_component>
      <object_component id="oc-31c">
         <name>.debug_line</name>
         <load_address>0x143c</load_address>
         <run_address>0x143c</run_address>
         <size>0x2e</size>
         <input_file_ref idref="fl-38"/>
      </object_component>
      <object_component id="oc-32d">
         <name>.debug_line</name>
         <load_address>0x146a</load_address>
         <run_address>0x146a</run_address>
         <size>0x9a</size>
         <input_file_ref idref="fl-38"/>
      </object_component>
      <object_component id="oc-2b2">
         <name>.debug_line</name>
         <load_address>0x1504</load_address>
         <run_address>0x1504</run_address>
         <size>0x97</size>
         <input_file_ref idref="fl-38"/>
      </object_component>
      <object_component id="oc-321">
         <name>.debug_line</name>
         <load_address>0x159b</load_address>
         <run_address>0x159b</run_address>
         <size>0x93</size>
         <input_file_ref idref="fl-38"/>
      </object_component>
      <object_component id="oc-198">
         <name>.debug_line</name>
         <load_address>0x162e</load_address>
         <run_address>0x162e</run_address>
         <size>0x20</size>
         <input_file_ref idref="fl-39"/>
      </object_component>
      <object_component id="oc-f4">
         <name>.debug_line</name>
         <load_address>0x164e</load_address>
         <run_address>0x164e</run_address>
         <size>0x4d</size>
         <input_file_ref idref="fl-39"/>
      </object_component>
      <object_component id="oc-159">
         <name>.debug_line</name>
         <load_address>0x169b</load_address>
         <run_address>0x169b</run_address>
         <size>0x34</size>
         <input_file_ref idref="fl-39"/>
      </object_component>
      <object_component id="oc-13f">
         <name>.debug_line</name>
         <load_address>0x16cf</load_address>
         <run_address>0x16cf</run_address>
         <size>0x92</size>
         <input_file_ref idref="fl-39"/>
      </object_component>
      <object_component id="oc-15e">
         <name>.debug_line</name>
         <load_address>0x1761</load_address>
         <run_address>0x1761</run_address>
         <size>0x3e</size>
         <input_file_ref idref="fl-3c"/>
      </object_component>
      <object_component id="oc-2a2">
         <name>.debug_line</name>
         <load_address>0x179f</load_address>
         <run_address>0x179f</run_address>
         <size>0x3a</size>
         <input_file_ref idref="fl-3d"/>
      </object_component>
      <object_component id="oc-147">
         <name>.debug_line</name>
         <load_address>0x17d9</load_address>
         <run_address>0x17d9</run_address>
         <size>0x20</size>
         <input_file_ref idref="fl-3e"/>
      </object_component>
      <object_component id="oc-3b">
         <name>.debug_line</name>
         <load_address>0x17f9</load_address>
         <run_address>0x17f9</run_address>
         <size>0x50</size>
         <input_file_ref idref="fl-3e"/>
      </object_component>
      <object_component id="oc-d9">
         <name>.debug_line</name>
         <load_address>0x1849</load_address>
         <run_address>0x1849</run_address>
         <size>0x3a</size>
         <input_file_ref idref="fl-3e"/>
      </object_component>
      <object_component id="oc-144">
         <name>.debug_line</name>
         <load_address>0x1883</load_address>
         <run_address>0x1883</run_address>
         <size>0x92</size>
         <input_file_ref idref="fl-3e"/>
      </object_component>
      <object_component id="oc-185">
         <name>.debug_line</name>
         <load_address>0x1915</load_address>
         <run_address>0x1915</run_address>
         <size>0x20</size>
         <input_file_ref idref="fl-3f"/>
      </object_component>
      <object_component id="oc-39">
         <name>.debug_line</name>
         <load_address>0x1935</load_address>
         <run_address>0x1935</run_address>
         <size>0x92</size>
         <input_file_ref idref="fl-3f"/>
      </object_component>
      <object_component id="oc-c8">
         <name>.debug_line</name>
         <load_address>0x19c7</load_address>
         <run_address>0x19c7</run_address>
         <size>0x3a</size>
         <input_file_ref idref="fl-3f"/>
      </object_component>
      <object_component id="oc-182">
         <name>.debug_line</name>
         <load_address>0x1a01</load_address>
         <run_address>0x1a01</run_address>
         <size>0x9a</size>
         <input_file_ref idref="fl-3f"/>
      </object_component>
      <object_component id="oc-137">
         <name>.debug_line</name>
         <load_address>0x1a9b</load_address>
         <run_address>0x1a9b</run_address>
         <size>0x96</size>
         <input_file_ref idref="fl-3f"/>
      </object_component>
      <object_component id="oc-1db">
         <name>.debug_line</name>
         <load_address>0x1b31</load_address>
         <run_address>0x1b31</run_address>
         <size>0x3d</size>
         <input_file_ref idref="fl-40"/>
      </object_component>
      <object_component id="oc-187">
         <name>.debug_line</name>
         <load_address>0x1b6e</load_address>
         <run_address>0x1b6e</run_address>
         <size>0x20</size>
         <input_file_ref idref="fl-43"/>
      </object_component>
      <object_component id="oc-d1">
         <name>.debug_line</name>
         <load_address>0x1b8e</load_address>
         <run_address>0x1b8e</run_address>
         <size>0x42</size>
         <input_file_ref idref="fl-43"/>
      </object_component>
      <object_component id="oc-338">
         <name>.debug_line</name>
         <load_address>0x1bd0</load_address>
         <run_address>0x1bd0</run_address>
         <size>0x20</size>
         <input_file_ref idref="fl-44"/>
      </object_component>
      <object_component id="oc-25b">
         <name>.debug_line</name>
         <load_address>0x1bf0</load_address>
         <run_address>0x1bf0</run_address>
         <size>0xae</size>
         <input_file_ref idref="fl-44"/>
      </object_component>
      <object_component id="oc-b9">
         <name>.debug_line</name>
         <load_address>0x1c9e</load_address>
         <run_address>0x1c9e</run_address>
         <size>0x4e</size>
         <input_file_ref idref="fl-45"/>
      </object_component>
      <object_component id="oc-be">
         <name>.debug_line</name>
         <load_address>0x1cec</load_address>
         <run_address>0x1cec</run_address>
         <size>0x5e</size>
         <input_file_ref idref="fl-46"/>
      </object_component>
      <object_component id="oc-1ca">
         <name>.debug_frame</name>
         <load_address>0x0</load_address>
         <run_address>0x0</run_address>
         <size>0x64</size>
         <input_file_ref idref="fl-2"/>
      </object_component>
      <object_component id="oc-1c5">
         <name>.debug_frame</name>
         <load_address>0x64</load_address>
         <run_address>0x64</run_address>
         <size>0x64</size>
         <input_file_ref idref="fl-3"/>
      </object_component>
      <object_component id="oc-1a3">
         <name>.debug_frame</name>
         <load_address>0xc8</load_address>
         <run_address>0xc8</run_address>
         <size>0x3c</size>
         <input_file_ref idref="fl-4"/>
      </object_component>
      <object_component id="oc-1ad">
         <name>.debug_frame</name>
         <load_address>0x104</load_address>
         <run_address>0x104</run_address>
         <size>0x40</size>
         <input_file_ref idref="fl-4"/>
      </object_component>
      <object_component id="oc-19b">
         <name>.debug_frame</name>
         <load_address>0x144</load_address>
         <run_address>0x144</run_address>
         <size>0x3c</size>
         <input_file_ref idref="fl-4"/>
      </object_component>
      <object_component id="oc-288">
         <name>.debug_frame</name>
         <load_address>0x180</load_address>
         <run_address>0x180</run_address>
         <size>0x3c</size>
         <input_file_ref idref="fl-5"/>
      </object_component>
      <object_component id="oc-248">
         <name>.debug_frame</name>
         <load_address>0x1bc</load_address>
         <run_address>0x1bc</run_address>
         <size>0x3c</size>
         <input_file_ref idref="fl-5"/>
      </object_component>
      <object_component id="oc-26f">
         <name>.debug_frame</name>
         <load_address>0x1f8</load_address>
         <run_address>0x1f8</run_address>
         <size>0x44</size>
         <input_file_ref idref="fl-5"/>
      </object_component>
      <object_component id="oc-1d8">
         <name>.debug_frame</name>
         <load_address>0x23c</load_address>
         <run_address>0x23c</run_address>
         <size>0x54</size>
         <input_file_ref idref="fl-6"/>
      </object_component>
      <object_component id="oc-266">
         <name>.debug_frame</name>
         <load_address>0x290</load_address>
         <run_address>0x290</run_address>
         <size>0x3c</size>
         <input_file_ref idref="fl-7"/>
      </object_component>
      <object_component id="oc-27d">
         <name>.debug_frame</name>
         <load_address>0x2cc</load_address>
         <run_address>0x2cc</run_address>
         <size>0x3c</size>
         <input_file_ref idref="fl-7"/>
      </object_component>
      <object_component id="oc-2f6">
         <name>.debug_frame</name>
         <load_address>0x308</load_address>
         <run_address>0x308</run_address>
         <size>0x3c</size>
         <input_file_ref idref="fl-7"/>
      </object_component>
      <object_component id="oc-2c3">
         <name>.debug_frame</name>
         <load_address>0x344</load_address>
         <run_address>0x344</run_address>
         <size>0x3c</size>
         <input_file_ref idref="fl-7"/>
      </object_component>
      <object_component id="oc-24b">
         <name>.debug_frame</name>
         <load_address>0x380</load_address>
         <run_address>0x380</run_address>
         <size>0x64</size>
         <input_file_ref idref="fl-7"/>
      </object_component>
      <object_component id="oc-1b7">
         <name>.debug_frame</name>
         <load_address>0x3e4</load_address>
         <run_address>0x3e4</run_address>
         <size>0x3c</size>
         <input_file_ref idref="fl-7"/>
      </object_component>
      <object_component id="oc-25d">
         <name>.debug_frame</name>
         <load_address>0x420</load_address>
         <run_address>0x420</run_address>
         <size>0x64</size>
         <input_file_ref idref="fl-7"/>
      </object_component>
      <object_component id="oc-23e">
         <name>.debug_frame</name>
         <load_address>0x484</load_address>
         <run_address>0x484</run_address>
         <size>0x3c</size>
         <input_file_ref idref="fl-8"/>
      </object_component>
      <object_component id="oc-22b">
         <name>.debug_frame</name>
         <load_address>0x4c0</load_address>
         <run_address>0x4c0</run_address>
         <size>0x3c</size>
         <input_file_ref idref="fl-8"/>
      </object_component>
      <object_component id="oc-23b">
         <name>.debug_frame</name>
         <load_address>0x4fc</load_address>
         <run_address>0x4fc</run_address>
         <size>0x3c</size>
         <input_file_ref idref="fl-8"/>
      </object_component>
      <object_component id="oc-2d2">
         <name>.debug_frame</name>
         <load_address>0x538</load_address>
         <run_address>0x538</run_address>
         <size>0x3c</size>
         <input_file_ref idref="fl-8"/>
      </object_component>
      <object_component id="oc-1bb">
         <name>.debug_frame</name>
         <load_address>0x574</load_address>
         <run_address>0x574</run_address>
         <size>0x3c</size>
         <input_file_ref idref="fl-8"/>
      </object_component>
      <object_component id="oc-2e1">
         <name>.debug_frame</name>
         <load_address>0x5b0</load_address>
         <run_address>0x5b0</run_address>
         <size>0x3c</size>
         <input_file_ref idref="fl-8"/>
      </object_component>
      <object_component id="oc-2e7">
         <name>.debug_frame</name>
         <load_address>0x5ec</load_address>
         <run_address>0x5ec</run_address>
         <size>0x3c</size>
         <input_file_ref idref="fl-8"/>
      </object_component>
      <object_component id="oc-2cb">
         <name>.debug_frame</name>
         <load_address>0x628</load_address>
         <run_address>0x628</run_address>
         <size>0x3c</size>
         <input_file_ref idref="fl-8"/>
      </object_component>
      <object_component id="oc-1a7">
         <name>.debug_frame</name>
         <load_address>0x664</load_address>
         <run_address>0x664</run_address>
         <size>0x3c</size>
         <input_file_ref idref="fl-8"/>
      </object_component>
      <object_component id="oc-1cf">
         <name>.debug_frame</name>
         <load_address>0x6a0</load_address>
         <run_address>0x6a0</run_address>
         <size>0x48</size>
         <input_file_ref idref="fl-9"/>
      </object_component>
      <object_component id="oc-165">
         <name>.debug_frame</name>
         <load_address>0x6e8</load_address>
         <run_address>0x6e8</run_address>
         <size>0x40</size>
         <input_file_ref idref="fl-b"/>
      </object_component>
      <object_component id="oc-ef">
         <name>.debug_frame</name>
         <load_address>0x728</load_address>
         <run_address>0x728</run_address>
         <size>0x44</size>
         <input_file_ref idref="fl-b"/>
      </object_component>
      <object_component id="oc-e3">
         <name>.debug_frame</name>
         <load_address>0x76c</load_address>
         <run_address>0x76c</run_address>
         <size>0x64</size>
         <input_file_ref idref="fl-b"/>
      </object_component>
      <object_component id="oc-e9">
         <name>.debug_frame</name>
         <load_address>0x7d0</load_address>
         <run_address>0x7d0</run_address>
         <size>0x3c</size>
         <input_file_ref idref="fl-b"/>
      </object_component>
      <object_component id="oc-22f">
         <name>.debug_frame</name>
         <load_address>0x80c</load_address>
         <run_address>0x80c</run_address>
         <size>0x3c</size>
         <input_file_ref idref="fl-c"/>
      </object_component>
      <object_component id="oc-14d">
         <name>.debug_frame</name>
         <load_address>0x848</load_address>
         <run_address>0x848</run_address>
         <size>0x3c</size>
         <input_file_ref idref="fl-c"/>
      </object_component>
      <object_component id="oc-10a">
         <name>.debug_frame</name>
         <load_address>0x884</load_address>
         <run_address>0x884</run_address>
         <size>0x34</size>
         <input_file_ref idref="fl-37"/>
      </object_component>
      <object_component id="oc-1ea">
         <name>.debug_frame</name>
         <load_address>0x8b8</load_address>
         <run_address>0x8b8</run_address>
         <size>0x44</size>
         <input_file_ref idref="fl-38"/>
      </object_component>
      <object_component id="oc-f8">
         <name>.debug_frame</name>
         <load_address>0x8fc</load_address>
[...]
         <name>__TI_Handler_Table_Limit</name>
         <value>0xcd22</value>
      </symbol>
      <symbol id="sm-67">
         <name>__STACK_SIZE</name>
         <value>0x50</value>
      </symbol>
      <symbol id="sm-68">
         <name>__STACK_END</name>
         <value>0x400</value>
      </symbol>
      <symbol id="sm-69">
         <name>__c_args__</name>
         <value>0xffffffff</value>
      </symbol>
      <symbol id="sm-6a">
         <name>__TI_pprof_out_hndl</name>
         <value>0xffffffff</value>
      </symbol>
      <symbol id="sm-6b">
         <name>__TI_prof_data_start</name>
         <value>0xffffffff</value>
      </symbol>
      <symbol id="sm-6c">
         <name>__TI_prof_data_size</name>
         <value>0xffffffff</value>
      </symbol>
      <symbol id="sm-d0">
         <name>CH_Sense</name>
         <value>0xc2c0</value>
         <object_component_ref idref="oc-1c6"/>
      </symbol>
      <symbol id="sm-de">
         <name>CH_TDMA_Assign</name>
         <value>0xc608</value>
         <object_component_ref idref="oc-1c0"/>
      </symbol>
      <symbol id="sm-f5">
         <name>Timer_Init</name>
         <value>0xcb9e</value>
         <object_component_ref idref="oc-1a0"/>
      </symbol>
      <symbol id="sm-f6">
         <name>Board_Init</name>
         <value>0xca74</value>
         <object_component_ref idref="oc-19a"/>
      </symbol>
      <symbol id="sm-f7">
         <name>Radio_Init</name>
         <value>0xc172</value>
         <object_component_ref idref="oc-1ac"/>
      </symbol>
      <symbol id="sm-111">
         <name>Message_Prep_Sense</name>
         <value>0xcc26</value>
         <object_component_ref idref="oc-283"/>
      </symbol>
      <symbol id="sm-112">
         <name>Message_Prep_BS</name>
         <value>0xcb10</value>
         <object_component_ref idref="oc-26b"/>
      </symbol>
      <symbol id="sm-113">
         <name>Message_Prep_CH_TDMA</name>
         <value>0xcc0e</value>
         <object_component_ref idref="oc-243"/>
      </symbol>
      <symbol id="sm-126">
         <name>ND_Sense</name>
         <value>0xc578</value>
         <object_component_ref idref="oc-1d3"/>
      </symbol>
      <symbol id="sm-167">
         <name>TDMA_Send</name>
         <value>0xc4b8</value>
         <object_component_ref idref="oc-249"/>
      </symbol>
      <symbol id="sm-168">
         <name>long_int_divide</name>
         <value>0xcc6a</value>
         <object_component_ref idref="oc-2c2"/>
      </symbol>
      <symbol id="sm-169">
         <name>Radio_Sleep</name>
         <value>0xccd4</value>
         <object_component_ref idref="oc-1b2"/>
      </symbol>
      <symbol id="sm-16a">
         <name>LBT_Listen</name>
         <value>0xc000</value>
         <object_component_ref idref="oc-25c"/>
      </symbol>
      <symbol id="sm-16b">
         <name>long_int_merge</name>
         <value>0xcbd8</value>
         <object_component_ref idref="oc-278"/>
      </symbol>
      <symbol id="sm-16c">
         <name>long_int_divide_temp</name>
         <value>0xcc3e</value>
         <object_component_ref idref="oc-2f1"/>
      </symbol>
      <symbol id="sm-16d">
         <name>long_int_merge_temp</name>
         <value>0xcb5c</value>
         <object_component_ref idref="oc-262"/>
      </symbol>
      <symbol id="sm-1cd">
         <name>SPI_Strobe</name>
         <value>0xcb36</value>
         <object_component_ref idref="oc-228"/>
      </symbol>
      <symbol id="sm-1ce">
         <name>SPI_Send_Burst</name>
         <value>0xc700</value>
         <object_component_ref idref="oc-2d0"/>
      </symbol>
      <symbol id="sm-1cf">
         <name>SPI_Read_Status</name>
         <value>0xcaac</value>
         <object_component_ref idref="oc-2dc"/>
      </symbol>
      <symbol id="sm-1d0">
         <name>SPI_Read</name>
         <value>0xc884</value>
         <object_component_ref idref="oc-2ca"/>
      </symbol>
      <symbol id="sm-1d1">
         <name>SPI_Send</name>
         <value>0xc924</value>
         <object_component_ref idref="oc-1b8"/>
      </symbol>
      <symbol id="sm-1d2">
         <name>SPI_Init</name>
         <value>0xc9f6</value>
         <object_component_ref idref="oc-1a6"/>
      </symbol>
      <symbol id="sm-1d3">
         <name>SPI_Read_Burst</name>
         <value>0xc7d8</value>
         <object_component_ref idref="oc-2e2"/>
      </symbol>
      <symbol id="sm-1df">
         <name>TDMA_Assign</name>
         <value>0xc96c</value>
         <object_component_ref idref="oc-1cd"/>
      </symbol>
      <symbol id="sm-21b">
         <name>_ChildCount</name>
         <value>0x214</value>
      </symbol>
      <symbol id="sm-21c">
         <name>_ChildList</name>
         <value>0x200</value>
      </symbol>
      <symbol id="sm-21d">
         <name>__MyHead</name>
         <value>0x215</value>
      </symbol>
      <symbol id="sm-21e">
         <name>Break_Sleep</name>
         <value>0x218</value>
         <object_component_ref idref="oc-149"/>
      </symbol>
      <symbol id="sm-21f">
         <name>ADC_ISR</name>
         <value>0xcce2</value>
         <object_component_ref idref="oc-e7"/>
      </symbol>
      <symbol id="sm-220">
         <name>__TI_int08</name>
         <value>0xfff0</value>
         <object_component_ref idref="oc-46"/>
      </symbol>
      <symbol id="sm-221">
         <name>__TI_int05</name>
         <value>0xffea</value>
         <object_component_ref idref="oc-43"/>
      </symbol>
      <symbol id="sm-222">
         <name>__TI_int02</name>
         <value>0xffe4</value>
         <object_component_ref idref="oc-41"/>
      </symbol>
      <symbol id="sm-223">
         <name>__State</name>
         <value>0x21a</value>
         <object_component_ref idref="oc-149"/>
      </symbol>
      <symbol id="sm-224">
         <name>TimerA_0_ISR</name>
         <value>0xcb80</value>
         <object_component_ref idref="oc-ed"/>
      </symbol>
      <symbol id="sm-225">
         <name>start</name>
         <value>0x220</value>
         <object_component_ref idref="oc-149"/>
      </symbol>
      <symbol id="sm-226">
         <name>GT_Adjust</name>
         <value>0x224</value>
         <object_component_ref idref="oc-149"/>
      </symbol>
      <symbol id="sm-227">
         <name>main</name>
         <value>0xc3f0</value>
         <object_component_ref idref="oc-163"/>
      </symbol>
      <symbol id="sm-228">
         <name>_MyAddress</name>
         <value>0x219</value>
         <object_component_ref idref="oc-149"/>
      </symbol>
      <symbol id="sm-229">
         <name>tdma_sleep_cycles</name>
         <value>0x228</value>
         <object_component_ref idref="oc-149"/>
      </symbol>
      <symbol id="sm-22a">
         <name>curr_time</name>
         <value>0x21c</value>
         <object_component_ref idref="oc-149"/>
      </symbol>
      <symbol id="sm-22b">
         <name>Timer_Rollover_Count</name>
         <value>0x216</value>
         <object_component_ref idref="oc-149"/>
      </symbol>
      <symbol id="sm-22c">
         <name>MSP_RX_ISR</name>
         <value>0xc770</value>
         <object_component_ref idref="oc-e1"/>
      </symbol>
      <symbol id="sm-243">
         <name>Sleep_Timer</name>
         <value>0xc82e</value>
         <object_component_ref idref="oc-22e"/>
      </symbol>
      <symbol id="sm-244">
         <name>Get_Time</name>
         <value>0xcbf4</value>
         <object_component_ref idref="oc-14c"/>
      </symbol>
      <symbol id="sm-250">
         <name>__mspabi_func_epilog_2</name>
         <value>0xccc0</value>
         <object_component_ref idref="oc-bf"/>
      </symbol>
      <symbol id="sm-251">
         <name>__mspabi_func_epilog_3</name>
         <value>0xccbe</value>
         <object_component_ref idref="oc-bf"/>
      </symbol>
      <symbol id="sm-252">
         <name>__mspabi_func_epilog_1</name>
         <value>0xccc2</value>
         <object_component_ref idref="oc-bf"/>
      </symbol>
      <symbol id="sm-253">
         <name>__mspabi_func_epilog_6</name>
         <value>0xccb8</value>
         <object_component_ref idref="oc-bf"/>
      </symbol>
      <symbol id="sm-254">
         <name>__mspabi_func_epilog_7</name>
         <value>0xccb6</value>
         <object_component_ref idref="oc-bf"/>
      </symbol>
      <symbol id="sm-255">
         <name>__mspabi_func_epilog_4</name>
         <value>0xccbc</value>
         <object_component_ref idref="oc-bf"/>
      </symbol>
      <symbol id="sm-256">
         <name>__mspabi_func_epilog_5</name>
         <value>0xccba</value>
         <object_component_ref idref="oc-bf"/>
      </symbol>
      <symbol id="sm-259">
         <name>__TI_int00</name>
         <value>0xffe0</value>
         <object_component_ref idref="oc-40"/>
      </symbol>
      <symbol id="sm-25c">
         <name>__TI_int03</name>
         <value>0xffe6</value>
         <object_component_ref idref="oc-42"/>
      </symbol>
      <symbol id="sm-25f">
         <name>__TI_int06</name>
         <value>0xffec</value>
         <object_component_ref idref="oc-44"/>
      </symbol>
      <symbol id="sm-262">
         <name>__TI_int07</name>
         <value>0xffee</value>
         <object_component_ref idref="oc-45"/>
      </symbol>
      <symbol id="sm-265">
         <name>__TI_int09</name>
         <value>0xfff2</value>
         <object_component_ref idref="oc-47"/>
      </symbol>
      <symbol id="sm-268">
         <name>__TI_int10</name>
         <value>0xfff4</value>
         <object_component_ref idref="oc-48"/>
      </symbol>
      <symbol id="sm-26b">
         <name>__TI_int11</name>
         <value>0xfff6</value>
         <object_component_ref idref="oc-49"/>
      </symbol>
      <symbol id="sm-26e">
         <name>__TI_int12</name>
         <value>0xfff8</value>
         <object_component_ref idref="oc-4a"/>
      </symbol>
      <symbol id="sm-271">
         <name>__TI_int13</name>
         <value>0xfffa</value>
         <object_component_ref idref="oc-4b"/>
      </symbol>
      <symbol id="sm-274">
         <name>__TI_int14</name>
         <value>0xfffc</value>
         <object_component_ref idref="oc-4c"/>
      </symbol>
      <symbol id="sm-27c">
         <name>__TI_ISR_TRAP</name>
         <value>0xccf8</value>
         <object_component_ref idref="oc-dc"/>
      </symbol>
      <symbol id="sm-284">
         <name>__mspabi_slll_9</name>
         <value>0xca4e</value>
         <object_component_ref idref="oc-2e9"/>
      </symbol>
      <symbol id="sm-285">
         <name>__mspabi_slll_8</name>
         <value>0xca52</value>
         <object_component_ref idref="oc-2e9"/>
      </symbol>
      <symbol id="sm-286">
         <name>__mspabi_slll_7</name>
         <value>0xca56</value>
         <object_component_ref idref="oc-2e9"/>
      </symbol>
      <symbol id="sm-287">
         <name>__mspabi_slll_6</name>
         <value>0xca5a</value>
         <object_component_ref idref="oc-2e9"/>
      </symbol>
      <symbol id="sm-288">
         <name>__mspabi_slll_5</name>
         <value>0xca5e</value>
         <object_component_ref idref="oc-2e9"/>
      </symbol>
      <symbol id="sm-289">
         <name>__mspabi_slll_4</name>
         <value>0xca62</value>
         <object_component_ref idref="oc-2e9"/>
      </symbol>
      <symbol id="sm-28a">
         <name>__mspabi_slll_3</name>
         <value>0xca66</value>
         <object_component_ref idref="oc-2e9"/>
      </symbol>
      <symbol id="sm-28b">
         <name>__mspabi_slll_2</name>
         <value>0xca6a</value>
         <object_component_ref idref="oc-2e9"/>
      </symbol>
      <symbol id="sm-28c">
         <name>__mspabi_slll_1</name>
         <value>0xca6e</value>
         <object_component_ref idref="oc-2e9"/>
      </symbol>
      <symbol id="sm-28d">
         <name>__mspabi_slll_15</name>
         <value>0xca36</value>
         <object_component_ref idref="oc-2e9"/>
      </symbol>
      <symbol id="sm-28e">
         <name>__mspabi_slll_14</name>
         <value>0xca3a</value>
         <object_component_ref idref="oc-2e9"/>
      </symbol>
      <symbol id="sm-28f">
         <name>__mspabi_slll_13</name>
         <value>0xca3e</value>
         <object_component_ref idref="oc-2e9"/>
      </symbol>
      <symbol id="sm-290">
         <name>__mspabi_slll_12</name>
         <value>0xca42</value>
         <object_component_ref idref="oc-2e9"/>
      </symbol>
      <symbol id="sm-291">
         <name>__mspabi_slll_11</name>
         <value>0xca46</value>
         <object_component_ref idref="oc-2e9"/>
      </symbol>
      <symbol id="sm-292">
         <name>__mspabi_slll_10</name>
         <value>0xca4a</value>
         <object_component_ref idref="oc-2e9"/>
      </symbol>
      <symbol id="sm-2a2">
         <name>_stack</name>
         <value>0x3b0</value>
         <object_component_ref idref="oc-b1"/>
      </symbol>
      <symbol id="sm-2a3">
         <name>_c_int00_noargs</name>
         <value>0xcbbc</value>
         <object_component_ref idref="oc-105"/>
      </symbol>
      <symbol id="sm-2a4">
         <name>_reset_vector</name>
         <value>0xfffe</value>
         <object_component_ref idref="oc-b4"/>
      </symbol>
      <symbol id="sm-2c6">
         <name>__TI_auto_init_nobinit_nopinit</name>
         <value>0xc9b4</value>
         <object_component_ref idref="oc-1e6"/>
      </symbol>
      <symbol id="sm-2de">
         <name>__TI_zero_init_nomemset</name>
         <value>0xcc56</value>
         <object_component_ref idref="oc-f3"/>
      </symbol>
      <symbol id="sm-2e9">
         <name>_system_pre_init</name>
         <value>0xcd06</value>
         <object_component_ref idref="oc-15d"/>
      </symbol>
      <symbol id="sm-2f2">
         <name>_system_post_cinit</name>
         <value>0xcd0a</value>
         <object_component_ref idref="oc-29d"/>
      </symbol>
      <symbol id="sm-308">
         <name>__TI_decompress_none</name>
         <value>0xcc92</value>
         <object_component_ref idref="oc-3a"/>
      </symbol>
      <symbol id="sm-32b">
         <name>__TI_decompress_lzss</name>
         <value>0xc684</value>
         <object_component_ref idref="oc-34"/>
      </symbol>
      <symbol id="sm-335">
         <name>C$$EXIT</name>
         <value>0xcd00</value>
         <object_component_ref idref="oc-1da"/>
      </symbol>
      <symbol id="sm-336">
         <name>abort</name>
         <value>0xcd00</value>
         <object_component_ref idref="oc-1da"/>
      </symbol>
      <symbol id="sm-346">
         <name>memcpy</name>
         <value>0xcca4</value>
         <object_component_ref idref="oc-cf"/>
      </symbol>
      <symbol id="sm-354">
         <name>memset</name>
         <value>0xcc7e</value>
         <object_component_ref idref="oc-256"/>
      </symbol>
      <symbol id="sm-35c">
         <name>__mspabi_slli</name>
         <value>0xcae4</value>
         <object_component_ref idref="oc-b5"/>
      </symbol>
      <symbol id="sm-35d">
         <name>__mspabi_slli_9</name>
         <value>0xcafc</value>
         <object_component_ref idref="oc-b5"/>
      </symbol>
      <symbol id="sm-35e">
         <name>__mspabi_slli_8</name>
         <value>0xcafe</value>
         <object_component_ref idref="oc-b5"/>
      </symbol>
      <symbol id="sm-35f">
         <name>__mspabi_slli_7</name>
         <value>0xcb00</value>
         <object_component_ref idref="oc-b5"/>
      </symbol>
      <symbol id="sm-360">
         <name>__mspabi_slli_6</name>
         <value>0xcb02</value>
         <object_component_ref idref="oc-b5"/>
      </symbol>
      <symbol id="sm-361">
         <name>__mspabi_slli_5</name>
         <value>0xcb04</value>
         <object_component_ref idref="oc-b5"/>
      </symbol>
      <symbol id="sm-362">
         <name>__mspabi_slli_4</name>
         <value>0xcb06</value>
         <object_component_ref idref="oc-b5"/>
      </symbol>
      <symbol id="sm-363">
         <name>__mspabi_slli_3</name>
         <value>0xcb08</value>
         <object_component_ref idref="oc-b5"/>
      </symbol>
      <symbol id="sm-364">
         <name>__mspabi_slli_2</name>
         <value>0xcb0a</value>
         <object_component_ref idref="oc-b5"/>
      </symbol>
      <symbol id="sm-365">
         <name>__mspabi_slli_1</name>
         <value>0xcb0c</value>
         <object_component_ref idref="oc-b5"/>
      </symbol>
      <symbol id="sm-366">
         <name>__mspabi_slli_15</name>
         <value>0xcaf0</value>
         <object_component_ref idref="oc-b5"/>
      </symbol>
      <symbol id="sm-367">
         <name>__mspabi_slli_14</name>
         <value>0xcaf2</value>
         <object_component_ref idref="oc-b5"/>
      </symbol>
      <symbol id="sm-368">
         <name>__mspabi_slli_13</name>
         <value>0xcaf4</value>
         <object_component_ref idref="oc-b5"/>
      </symbol>
      <symbol id="sm-369">
         <name>__mspabi_slli_12</name>
         <value>0xcaf6</value>
         <object_component_ref idref="oc-b5"/>
      </symbol>
      <symbol id="sm-36a">
         <name>__mspabi_slli_11</name>
         <value>0xcaf8</value>
         <object_component_ref idref="oc-b5"/>
      </symbol>
      <symbol id="sm-36b">
         <name>__mspabi_slli_10</name>
         <value>0xcafa</value>
         <object_component_ref idref="oc-b5"/>
      </symbol>
      <symbol id="sm-373">
         <name>__mspabi_srli_8</name>
         <value>0xc902</value>
         <object_component_ref idref="oc-ba"/>
      </symbol>
      <symbol id="sm-374">
         <name>__mspabi_srli_9</name>
         <value>0xc8fe</value>
         <object_component_ref idref="oc-ba"/>
      </symbol>
      <symbol id="sm-375">
         <name>__mspabi_srli_6</name>
         <value>0xc90a</value>
         <object_component_ref idref="oc-ba"/>
      </symbol>
      <symbol id="sm-376">
         <name>__mspabi_srli_7</name>
         <value>0xc906</value>
         <object_component_ref idref="oc-ba"/>
      </symbol>
      <symbol id="sm-377">
         <name>__mspabi_srli_4</name>
         <value>0xc912</value>
         <object_component_ref idref="oc-ba"/>
      </symbol>
      <symbol id="sm-378">
         <name>__mspabi_srli_5</name>
         <value>0xc90e</value>
         <object_component_ref idref="oc-ba"/>
      </symbol>
      <symbol id="sm-379">
         <name>__mspabi_srli_2</name>
         <value>0xc91a</value>
         <object_component_ref idref="oc-ba"/>
      </symbol>
      <symbol id="sm-37a">
         <name>__mspabi_srli_3</name>
         <value>0xc916</value>
         <object_component_ref idref="oc-ba"/>
      </symbol>
      <symbol id="sm-37b">
         <name>__mspabi_srli_1</name>
         <value>0xc91e</value>
         <object_component_ref idref="oc-ba"/>
      </symbol>
      <symbol id="sm-37c">
         <name>__mspabi_srli</name>
         <value>0xc8d8</value>
         <object_component_ref idref="oc-ba"/>
      </symbol>
      <symbol id="sm-37d">
         <name>__mspabi_srli_15</name>
         <value>0xc8e6</value>
         <object_component_ref idref="oc-ba"/>
      </symbol>
      <symbol id="sm-37e">
         <name>__mspabi_srli_14</name>
         <value>0xc8ea</value>
         <object_component_ref idref="oc-ba"/>
      </symbol>
      <symbol id="sm-37f">
         <name>__mspabi_srli_13</name>
         <value>0xc8ee</value>
         <object_component_ref idref="oc-ba"/>
      </symbol>
      <symbol id="sm-380">
         <name>__mspabi_srli_12</name>
         <value>0xc8f2</value>
         <object_component_ref idref="oc-ba"/>
      </symbol>
      <symbol id="sm-381">
         <name>__mspabi_srli_11</name>
         <value>0xc8f6</value>
         <object_component_ref idref="oc-ba"/>
      </symbol>
      <symbol id="sm-382">
         <name>__mspabi_srli_10</name>
         <value>0xc8fa</value>
         <object_component_ref idref="oc-ba"/>
      </symbol>
   </symbol_table>
   <title>Link successful</title>
</link_info>
