<?xml version="1.0" encoding="ISO-8859-1" ?>
<link_info>
   <banner>MSP430 Linker PC v18.12.2.LTS</banner>
   <copyright>Copyright (c) 2003-2018 Texas Instruments Incorporated</copyright>
   <link_time>0x5d73c358</link_time>
   <link_errors>0x1</link_errors>
   <output_file>WSN.out</output_file>
   <entry_point>
      <name>_c_int00_noargs</name>
      <address>0x1446</address>
   </entry_point>
   <input_file_list>
      <input_file id="fl-2">
         <path>.\</path>
         <kind>object</kind>
         <file>CH_Sense.obj</file>
         <name>CH_Sense.obj</name>
      </input_file>
      <input_file id="fl-3">
         <path>.\</path>
         <kind>object</kind>
         <file>CH_TDMA_Assign.obj</file>
         <name>CH_TDMA_Assign.obj</name>
      </input_file>
      <input_file id="fl-4">
         <path>.\</path>
         <kind>object</kind>
         <file>Clustering.obj</file>
         <name>Clustering.obj</name>
      </input_file>
      <input_file id="fl-5">
         <path>.\</path>
         <kind>object</kind>
         <file>MSP_Init.obj</file>
         <name>MSP_Init.obj</name>
      </input_file>
      <input_file id="fl-6">
         <path>.\</path>
         <kind>object</kind>
         <file>Message_Prep.obj</file>
         <name>Message_Prep.obj</name>
      </input_file>
      <input_file id="fl-7">
         <path>.\</path>
         <kind>object</kind>
         <file>ND_Sense.obj</file>
         <name>ND_Sense.obj</name>
      </input_file>
      <input_file id="fl-8">
         <path>.\</path>
         <kind>object</kind>
         <file>Radio.obj</file>
         <name>Radio.obj</name>
      </input_file>
      <input_file id="fl-9">
         <path>.\</path>
         <kind>object</kind>
         <file>RandomGen.obj</file>
         <name>RandomGen.obj</name>
      </input_file>
      <input_file id="fl-a">
         <path>.\</path>
         <kind>object</kind>
         <file>SPI_Library.obj</file>
         <name>SPI_Library.obj</name>
      </input_file>
      <input_file id="fl-b">
         <path>.\</path>
         <kind>object</kind>
         <file>TDMA_Assign.obj</file>
         <name>TDMA_Assign.obj</name>
      </input_file>
      <input_file id="fl-c">
         <path>.\</path>
         <kind>object</kind>
         <file>UART.obj</file>
         <name>UART.obj</name>
      </input_file>
      <input_file id="fl-d">
         <path>.\</path>
         <kind>object</kind>
         <file>Wait_For_Start.obj</file>
         <name>Wait_For_Start.obj</name>
      </input_file>
      <input_file id="fl-e">
         <path>.\</path>
         <kind>object</kind>
         <file>main.obj</file>
         <name>main.obj</name>
      </input_file>
      <input_file id="fl-f">
         <path>.\</path>
         <kind>object</kind>
         <file>sleep_timer.obj</file>
         <name>sleep_timer.obj</name>
      </input_file>
      <input_file id="fl-12">
         <kind>object</kind>
         <file>&lt;internal&gt;</file>
         <name>&lt;internal&gt;</name>
      </input_file>
      <input_file id="fl-28">
         <path>C:\ti\ccs910\ccs\tools\compiler\ti-cgt-msp430_18.12.2.LTS\lib\</path>
         <kind>archive</kind>
         <file>rts430_eabi.lib</file>
         <name>asr16.asm.obj</name>
      </input_file>
      <input_file id="fl-29">
         <path>C:\ti\ccs910\ccs\tools\compiler\ti-cgt-msp430_18.12.2.LTS\lib\</path>
         <kind>archive</kind>
         <file>rts430_eabi.lib</file>
         <name>div16s.asm.obj</name>
      </input_file>
      <input_file id="fl-2a">
         <path>C:\ti\ccs910\ccs\tools\compiler\ti-cgt-msp430_18.12.2.LTS\lib\</path>
         <kind>archive</kind>
         <file>rts430_eabi.lib</file>
         <name>div16u.asm.obj</name>
      </input_file>
      <input_file id="fl-2b">
         <path>C:\ti\ccs910\ccs\tools\compiler\ti-cgt-msp430_18.12.2.LTS\lib\</path>
         <kind>archive</kind>
         <file>rts430_eabi.lib</file>
         <name>epilog.asm.obj</name>
      </input_file>
      <input_file id="fl-2c">
         <path>C:\ti\ccs910\ccs\tools\compiler\ti-cgt-msp430_18.12.2.LTS\lib\</path>
         <kind>archive</kind>
         <file>rts430_eabi.lib</file>
         <name>lsl16.asm.obj</name>
      </input_file>
      <input_file id="fl-2d">
         <path>C:\ti\ccs910\ccs\tools\compiler\ti-cgt-msp430_18.12.2.LTS\lib\</path>
         <kind>archive</kind>
         <file>rts430_eabi.lib</file>
         <name>lsl32.asm.obj</name>
      </input_file>
      <input_file id="fl-2e">
         <path>C:\ti\ccs910\ccs\tools\compiler\ti-cgt-msp430_18.12.2.LTS\lib\</path>
         <kind>archive</kind>
         <file>rts430_eabi.lib</file>
         <name>boot.c.obj</name>
      </input_file>
      <input_file id="fl-2f">
         <path>C:\ti\ccs910\ccs\tools\compiler\ti-cgt-msp430_18.12.2.LTS\lib\</path>
         <kind>archive</kind>
         <file>rts430_eabi.lib</file>
         <name>autoinit.c.obj</name>
      </input_file>
      <input_file id="fl-30">
         <path>C:\ti\ccs910\ccs\tools\compiler\ti-cgt-msp430_18.12.2.LTS\lib\</path>
         <kind>archive</kind>
         <file>rts430_eabi.lib</file>
         <name>copy_zero_init.c.obj</name>
      </input_file>
      <input_file id="fl-31">
         <path>C:\ti\ccs910\ccs\tools\compiler\ti-cgt-msp430_18.12.2.LTS\lib\</path>
         <kind>archive</kind>
         <file>rts430_eabi.lib</file>
         <name>cpy_tbl.c.obj</name>
      </input_file>
      <input_file id="fl-32">
         <path>C:\ti\ccs910\ccs\tools\compiler\ti-cgt-msp430_18.12.2.LTS\lib\</path>
         <kind>archive</kind>
         <file>rts430_eabi.lib</file>
         <name>mpu_init.c.obj</name>
      </input_file>
      <input_file id="fl-33">
         <path>C:\ti\ccs910\ccs\tools\compiler\ti-cgt-msp430_18.12.2.LTS\lib\</path>
         <kind>archive</kind>
         <file>rts430_eabi.lib</file>
         <name>pre_init.c.obj</name>
      </input_file>
      <input_file id="fl-34">
         <path>C:\ti\ccs910\ccs\tools\compiler\ti-cgt-msp430_18.12.2.LTS\lib\</path>
         <kind>archive</kind>
         <file>rts430_eabi.lib</file>
         <name>startup.c.obj</name>
      </input_file>
      <input_file id="fl-35">
         <path>C:\ti\ccs910\ccs\tools\compiler\ti-cgt-msp430_18.12.2.LTS\lib\</path>
         <kind>archive</kind>
         <file>rts430_eabi.lib</file>
         <name>copy_decompress_none.c.obj</name>
      </input_file>
      <input_file id="fl-36">
         <path>C:\ti\ccs910\ccs\tools\compiler\ti-cgt-msp430_18.12.2.LTS\lib\</path>
         <kind>archive</kind>
         <file>rts430_eabi.lib</file>
         <name>copy_decompress_lzss.c.obj</name>
      </input_file>
      <input_file id="fl-37">
         <path>C:\ti\ccs910\ccs\tools\compiler\ti-cgt-msp430_18.12.2.LTS\lib\</path>
         <kind>archive</kind>
         <file>rts430_eabi.lib</file>
         <name>exit.c.obj</name>
      </input_file>
      <input_file id="fl-38">
         <path>C:\ti\ccs910\ccs\tools\compiler\ti-cgt-msp430_18.12.2.LTS\lib\</path>
         <kind>archive</kind>
         <file>rts430_eabi.lib</file>
         <name>_lock.c.obj</name>
      </input_file>
      <input_file id="fl-39">
         <path>C:\ti\ccs910\ccs\tools\compiler\ti-cgt-msp430_18.12.2.LTS\lib\</path>
         <kind>archive</kind>
         <file>rts430_eabi.lib</file>
         <name>args_main.c.obj</name>
      </input_file>
      <input_file id="fl-3a">
         <path>C:\ti\ccs910\ccs\tools\compiler\ti-cgt-msp430_18.12.2.LTS\lib\</path>
         <kind>archive</kind>
         <file>rts430_eabi.lib</file>
         <name>memcpy.c.obj</name>
      </input_file>
      <input_file id="fl-3b">
         <path>C:\ti\ccs910\ccs\tools\compiler\ti-cgt-msp430_18.12.2.LTS\lib\</path>
         <kind>archive</kind>
         <file>rts430_eabi.lib</file>
         <name>memset.c.obj</name>
      </input_file>
      <input_file id="fl-3c">
         <path>C:\ti\ccs910\ccs\tools\compiler\ti-cgt-msp430_18.12.2.LTS\lib\</path>
         <kind>archive</kind>
         <file>rts430_eabi.lib</file>
         <name>lsr16.asm.obj</name>
      </input_file>
      <input_file id="fl-3d">
         <path>C:\ti\ccs910\ccs\tools\compiler\ti-cgt-msp430_18.12.2.LTS\lib\</path>
         <kind>archive</kind>
         <file>rts430_eabi.lib</file>
         <name>mult16.asm.obj</name>
      </input_file>
      <input_file id="fl-3e">
         <path>C:\ti\ccs910\ccs\tools\compiler\ti-cgt-msp430_18.12.2.LTS\lib\</path>
         <kind>archive</kind>
         <file>rts430_eabi.lib</file>
         <name>exit_gvars.c.obj</name>
      </input_file>
   </input_file_list>
   <object_component_list>
      <object_component id="oc-1d0">
         <name>.text:Flood_RSSI</name>
         <load_address>0x200</load_address>
         <run_address>0x200</run_address>
         <size>0x1ea</size>
         <input_file_ref idref="fl-4"/>
      </object_component>
      <object_component id="oc-18d">
         <name>.text:LBT_Listen</name>
         <load_address>0x3ea</load_address>
         <run_address>0x3ea</run_address>
         <size>0x172</size>
         <input_file_ref idref="fl-8"/>
      </object_component>
      <object_component id="oc-d9">
         <name>.text:Radio_Init</name>
         <load_address>0x55c</load_address>
         <run_address>0x55c</run_address>
         <size>0x14e</size>
         <input_file_ref idref="fl-5"/>
      </object_component>
      <object_component id="oc-1d6">
         <name>.text:Nominate</name>
         <load_address>0x6aa</load_address>
         <run_address>0x6aa</run_address>
         <size>0x136</size>
         <input_file_ref idref="fl-4"/>
      </object_component>
      <object_component id="oc-fe">
         <name>.text:CH_Sense</name>
         <load_address>0x7e0</load_address>
         <run_address>0x7e0</run_address>
         <size>0x130</size>
         <input_file_ref idref="fl-2"/>
      </object_component>
      <object_component id="oc-1dc">
         <name>.text:Compare</name>
         <load_address>0x910</load_address>
         <run_address>0x910</run_address>
         <size>0x104</size>
         <input_file_ref idref="fl-4"/>
      </object_component>
      <object_component id="oc-9f">
         <name>.text:main</name>
         <load_address>0xa14</load_address>
         <run_address>0xa14</run_address>
         <size>0x102</size>
         <input_file_ref idref="fl-e"/>
      </object_component>
      <object_component id="oc-1b1">
         <name>.text:TDMA_Send</name>
         <load_address>0xb16</load_address>
         <run_address>0xb16</run_address>
         <size>0xc0</size>
         <input_file_ref idref="fl-8"/>
      </object_component>
      <object_component id="oc-111">
         <name>.text:ND_Sense</name>
         <load_address>0xbd6</load_address>
         <run_address>0xbd6</run_address>
         <size>0x90</size>
         <input_file_ref idref="fl-7"/>
      </object_component>
      <object_component id="oc-1fc">
         <name>.text:CH_Listen</name>
         <load_address>0xc66</load_address>
         <run_address>0xc66</run_address>
         <size>0x8a</size>
         <input_file_ref idref="fl-4"/>
      </object_component>
      <object_component id="oc-f8">
         <name>.text:CH_TDMA_Assign</name>
         <load_address>0xcf0</load_address>
         <run_address>0xcf0</run_address>
         <size>0x7c</size>
         <input_file_ref idref="fl-3"/>
      </object_component>
      <object_component id="oc-3">
         <name>.text:decompress:lzss:__TI_decompress_lzss</name>
         <load_address>0xd6c</load_address>
         <run_address>0xd6c</run_address>
         <size>0x7c</size>
         <input_file_ref idref="fl-36"/>
      </object_component>
      <object_component id="oc-209">
         <name>.text:Child_Broadcast</name>
         <load_address>0xde8</load_address>
         <run_address>0xde8</run_address>
         <size>0x74</size>
         <input_file_ref idref="fl-4"/>
      </object_component>
      <object_component id="oc-1f6">
         <name>.text:CH_Broadcast</name>
         <load_address>0xe5c</load_address>
         <run_address>0xe5c</run_address>
         <size>0x72</size>
         <input_file_ref idref="fl-4"/>
      </object_component>
      <object_component id="oc-269">
         <name>.text:SPI_Send_Burst</name>
         <load_address>0xece</load_address>
         <run_address>0xece</run_address>
         <size>0x70</size>
         <input_file_ref idref="fl-a"/>
      </object_component>
      <object_component id="oc-203">
         <name>.text:Child_Listen</name>
         <load_address>0xf3e</load_address>
         <run_address>0xf3e</run_address>
         <size>0x6e</size>
         <input_file_ref idref="fl-4"/>
      </object_component>
      <object_component id="oc-ee">
         <name>.text:Wait_For_Start</name>
         <load_address>0xfac</load_address>
         <run_address>0xfac</run_address>
         <size>0x5e</size>
         <input_file_ref idref="fl-d"/>
      </object_component>
      <object_component id="oc-258">
         <name>.text:SPI_Read_Burst</name>
         <load_address>0x100a</load_address>
         <run_address>0x100a</run_address>
         <size>0x56</size>
         <input_file_ref idref="fl-a"/>
      </object_component>
      <object_component id="oc-16c">
         <name>.text:Sleep_Timer</name>
         <load_address>0x1060</load_address>
         <run_address>0x1060</run_address>
         <size>0x56</size>
         <input_file_ref idref="fl-f"/>
      </object_component>
      <object_component id="oc-24c">
         <name>.text:SPI_Read</name>
         <load_address>0x10b6</load_address>
         <run_address>0x10b6</run_address>
         <size>0x54</size>
         <input_file_ref idref="fl-a"/>
      </object_component>
      <object_component id="oc-1a">
         <name>.text</name>
         <load_address>0x110a</load_address>
         <run_address>0x110a</run_address>
         <size>0x4c</size>
         <input_file_ref idref="fl-3c"/>
      </object_component>
      <object_component id="oc-e8">
         <name>.text:SPI_Send</name>
         <load_address>0x1156</load_address>
         <run_address>0x1156</run_address>
         <size>0x48</size>
         <input_file_ref idref="fl-a"/>
      </object_component>
      <object_component id="oc-10b">
         <name>.text:TDMA_Assign</name>
         <load_address>0x119e</load_address>
         <run_address>0x119e</run_address>
         <size>0x48</size>
         <input_file_ref idref="fl-b"/>
      </object_component>
      <object_component id="oc-130">
         <name>.text:__TI_auto_init_nobinit_nopinit:__TI_auto_init_nobinit_nopinit</name>
         <load_address>0x11e6</load_address>
         <run_address>0x11e6</run_address>
         <size>0x42</size>
         <input_file_ref idref="fl-2f"/>
      </object_component>
      <object_component id="oc-d3">
         <name>.text:SPI_Init</name>
         <load_address>0x1228</load_address>
         <run_address>0x1228</run_address>
         <size>0x40</size>
         <input_file_ref idref="fl-a"/>
      </object_component>
      <object_component id="oc-274">
         <name>.text:l_lsl_const</name>
         <load_address>0x1268</load_address>
         <run_address>0x1268</run_address>
         <size>0x3e</size>
         <input_file_ref idref="fl-2d"/>
      </object_component>
      <object_component id="oc-c7">
         <name>.text:Board_Init</name>
         <load_address>0x12a6</load_address>
         <run_address>0x12a6</run_address>
         <size>0x38</size>
         <input_file_ref idref="fl-5"/>
      </object_component>
      <object_component id="oc-252">
         <name>.text:SPI_Read_Status</name>
         <load_address>0x12de</load_address>
         <run_address>0x12de</run_address>
         <size>0x38</size>
         <input_file_ref idref="fl-a"/>
      </object_component>
      <object_component id="oc-2db">
         <name>.text</name>
         <load_address>0x1316</load_address>
         <run_address>0x1316</run_address>
         <size>0x2c</size>
         <input_file_ref idref="fl-29"/>
      </object_component>
      <object_component id="oc-15">
         <name>.text</name>
         <load_address>0x1342</load_address>
         <run_address>0x1342</run_address>
         <size>0x2c</size>
         <input_file_ref idref="fl-2c"/>
      </object_component>
      <object_component id="oc-288">
         <name>.text:RSSIdB</name>
         <load_address>0x136e</load_address>
         <run_address>0x136e</run_address>
         <size>0x2a</size>
         <input_file_ref idref="fl-4"/>
      </object_component>
      <object_component id="oc-1c8">
         <name>.text:Message_Prep_BS</name>
         <load_address>0x1398</load_address>
         <run_address>0x1398</run_address>
         <size>0x26</size>
         <input_file_ref idref="fl-6"/>
      </object_component>
      <object_component id="oc-166">
         <name>.text:SPI_Strobe</name>
         <load_address>0x13be</load_address>
         <run_address>0x13be</run_address>
         <size>0x26</size>
         <input_file_ref idref="fl-a"/>
      </object_component>
      <object_component id="oc-1bf">
         <name>.text:long_int_merge_temp</name>
         <load_address>0x13e4</load_address>
         <run_address>0x13e4</run_address>
         <size>0x24</size>
         <input_file_ref idref="fl-8"/>
      </object_component>
      <object_component id="oc-117">
         <name>.text:CH_Cluster_Associate</name>
         <load_address>0x1408</load_address>
         <run_address>0x1408</run_address>
         <size>0x20</size>
         <input_file_ref idref="fl-4"/>
      </object_component>
      <object_component id="oc-cd">
         <name>.text:Timer_Init</name>
         <load_address>0x1428</load_address>
         <run_address>0x1428</run_address>
         <size>0x1e</size>
         <input_file_ref idref="fl-5"/>
      </object_component>
      <object_component id="oc-4e">
         <name>.text:_c_int00_noargs</name>
         <load_address>0x1446</load_address>
         <run_address>0x1446</run_address>
         <size>0x1c</size>
         <input_file_ref idref="fl-2e"/>
      </object_component>
      <object_component id="oc-1e3">
         <name>.text:long_int_merge</name>
         <load_address>0x1462</load_address>
         <run_address>0x1462</run_address>
         <size>0x1c</size>
         <input_file_ref idref="fl-8"/>
      </object_component>
      <object_component id="oc-104">
         <name>.text:Cluster_Choose</name>
         <load_address>0x147e</load_address>
         <run_address>0x147e</run_address>
         <size>0x1a</size>
         <input_file_ref idref="fl-4"/>
      </object_component>
      <object_component id="oc-1ab">
         <name>.text:Get_Time</name>
         <load_address>0x1498</load_address>
         <run_address>0x1498</run_address>
         <size>0x1a</size>
         <input_file_ref idref="fl-f"/>
      </object_component>
      <object_component id="oc-1a5">
         <name>.text:Message_Prep_CH_TDMA</name>
         <load_address>0x14b2</load_address>
         <run_address>0x14b2</run_address>
         <size>0x18</size>
         <input_file_ref idref="fl-6"/>
      </object_component>
      <object_component id="oc-1ee">
         <name>.text:Message_Prep_Sense</name>
         <load_address>0x14ca</load_address>
         <run_address>0x14ca</run_address>
         <size>0x18</size>
         <input_file_ref idref="fl-6"/>
      </object_component>
      <object_component id="oc-27c">
         <name>.text:long_int_divide_temp</name>
         <load_address>0x14e2</load_address>
         <run_address>0x14e2</run_address>
         <size>0x18</size>
         <input_file_ref idref="fl-8"/>
      </object_component>
      <object_component id="oc-2f2">
         <name>.text</name>
         <load_address>0x14fa</load_address>
         <run_address>0x14fa</run_address>
         <size>0x16</size>
         <input_file_ref idref="fl-2a"/>
      </object_component>
      <object_component id="oc-3c">
         <name>.text:decompress:ZI:__TI_zero_init_nomemset:__TI_zero_init_nomemset</name>
         <load_address>0x1510</load_address>
         <run_address>0x1510</run_address>
         <size>0x14</size>
         <input_file_ref idref="fl-30"/>
      </object_component>
      <object_component id="oc-260">
         <name>.text:long_int_divide</name>
         <load_address>0x1524</load_address>
         <run_address>0x1524</run_address>
         <size>0x14</size>
         <input_file_ref idref="fl-8"/>
      </object_component>
      <object_component id="oc-1b9">
         <name>.text:memset</name>
         <load_address>0x1538</load_address>
         <run_address>0x1538</run_address>
         <size>0x14</size>
         <input_file_ref idref="fl-3b"/>
      </object_component>
      <object_component id="oc-11d">
         <name>.text:Child_Associate</name>
         <load_address>0x154c</load_address>
         <run_address>0x154c</run_address>
         <size>0x12</size>
         <input_file_ref idref="fl-4"/>
      </object_component>
      <object_component id="oc-9">
         <name>.text:decompress:none:__TI_decompress_none</name>
         <load_address>0x155e</load_address>
         <run_address>0x155e</run_address>
         <size>0x12</size>
         <input_file_ref idref="fl-35"/>
      </object_component>
      <object_component id="oc-2f">
         <name>.text:memcpy</name>
         <load_address>0x1570</load_address>
         <run_address>0x1570</run_address>
         <size>0x12</size>
         <input_file_ref idref="fl-3a"/>
      </object_component>
      <object_component id="oc-1f">
         <name>.text</name>
         <load_address>0x1582</load_address>
         <run_address>0x1582</run_address>
         <size>0x10</size>
         <input_file_ref idref="fl-2b"/>
      </object_component>
      <object_component id="oc-180">
         <name>.text:Address_Bad</name>
         <load_address>0x1592</load_address>
         <run_address>0x1592</run_address>
         <size>0xe</size>
         <input_file_ref idref="fl-a"/>
      </object_component>
      <object_component id="oc-df">
         <name>.text:Radio_Sleep</name>
         <load_address>0x15a0</load_address>
         <run_address>0x15a0</run_address>
         <size>0xe</size>
         <input_file_ref idref="fl-8"/>
      </object_component>
      <object_component id="oc-186">
         <name>.text:Wait_For_CCWake</name>
         <load_address>0x15ae</load_address>
         <run_address>0x15ae</run_address>
         <size>0xa</size>
         <input_file_ref idref="fl-a"/>
      </object_component>
      <object_component id="oc-124">
         <name>.text:abort</name>
         <load_address>0x15b8</load_address>
         <run_address>0x15b8</run_address>
         <size>0x6</size>
         <input_file_ref idref="fl-37"/>
      </object_component>
      <object_component id="oc-99">
         <name>.text:_system_pre_init</name>
         <load_address>0x15be</load_address>
         <run_address>0x15be</run_address>
         <size>0x4</size>
         <input_file_ref idref="fl-33"/>
      </object_component>
      <object_component id="oc-222">
         <name>.text:_system_post_cinit</name>
         <load_address>0x15c2</load_address>
         <run_address>0x15c2</run_address>
         <size>0x2</size>
         <input_file_ref idref="fl-34"/>
      </object_component>
      <object_component id="oc-285">
         <name>.const:.string:$P$T0$1</name>
         <load_address>0x15c4</load_address>
         <run_address>0x15c4</run_address>
         <size>0x33</size>
         <input_file_ref idref="fl-4"/>
      </object_component>
      <object_component id="oc-1c5">
         <name>.const</name>
         <load_address>0x15f8</load_address>
         <run_address>0x15f8</run_address>
         <size>0x2</size>
         <input_file_ref idref="fl-2"/>
      </object_component>
      <object_component id="oc-1eb">
         <name>.const</name>
         <load_address>0x15fa</load_address>
         <run_address>0x15fa</run_address>
         <size>0x2</size>
         <input_file_ref idref="fl-7"/>
      </object_component>
      <object_component id="oc-e5">
         <name>.data</name>
         <load_address>0x1612</load_address>
         <run_address>0x1612</run_address>
         <size>0x16</size>
         <input_file_ref idref="fl-e"/>
      </object_component>
      <object_component id="oc-f7">
         <name>.common:_ChildCount</name>
         <uninitialized>true</uninitialized>
         <run_address>0x1610</run_address>
         <size>0x1</size>
      </object_component>
      <object_component id="oc-f4">
         <name>.common:_ChildList</name>
         <uninitialized>true</uninitialized>
         <run_address>0x15fc</run_address>
         <size>0x14</size>
      </object_component>
      <object_component id="oc-10a">
         <name>.common:__MyHead</name>
         <uninitialized>true</uninitialized>
         <run_address>0x1611</run_address>
         <size>0x1</size>
      </object_component>
      <object_component id="oc-14">
         <name>.reset</name>
         <load_address>0xfffe</load_address>
         <run_address>0xfffe</run_address>
         <size>0x2</size>
         <input_file_ref idref="fl-2e"/>
      </object_component>
      <object_component id="oc-327">
         <name>.cinit..data.load</name>
         <load_address>0x1678</load_address>
         <run_address>0x1678</run_address>
         <size>0xc</size>
      </object_component>
      <object_component id="oc-325">
         <name>__TI_handler_table</name>
         <load_address>0x1684</load_address>
         <run_address>0x1684</run_address>
         <size>0x6</size>
      </object_component>
      <object_component id="oc-328">
         <name>.cinit..bss.load</name>
         <load_address>0x168a</load_address>
         <run_address>0x168a</run_address>
         <size>0x4</size>
      </object_component>
      <object_component id="oc-326">
         <name>__TI_cinit_table</name>
         <load_address>0x168e</load_address>
         <run_address>0x168e</run_address>
         <size>0x8</size>
      </object_component>
      <object_component id="oc-1cf">
         <name>.debug_info</name>
         <load_address>0x0</load_address>
         <run_address>0x0</run_address>
         <size>0x2f8</size>
         <input_file_ref idref="fl-2"/>
      </object_component>
      <object_component id="oc-1c6">
         <name>.debug_info</name>
         <load_address>0x2f8</load_address>
         <run_address>0x2f8</run_address>
         <size>0xd1</size>
         <input_file_ref idref="fl-2"/>
      </object_component>
      <object_component id="oc-ff">
         <name>.debug_info</name>
         <load_address>0x3c9</load_address>
         <run_address>0x3c9</run_address>
         <size>0x37c</size>
         <input_file_ref idref="fl-2"/>
      </object_component>
      <object_component id="oc-199">
         <name>.debug_info</name>
         <load_address>0x745</load_address>
         <run_address>0x745</run_address>
         <size>0xf0</size>
         <input_file_ref idref="fl-2"/>
      </object_component>
      <object_component id="oc-194">
         <name>.debug_info</name>
         <load_address>0x835</load_address>
         <run_address>0x835</run_address>
         <size>0x101</size>
         <input_file_ref idref="fl-2"/>
      </object_component>
      <object_component id="oc-1a0">
         <name>.debug_info</name>
         <load_address>0x936</load_address>
         <run_address>0x936</run_address>
         <size>0x26b</size>
         <input_file_ref idref="fl-2"/>
      </object_component>
      <object_component id="oc-2a">
         <name>.debug_info</name>
         <load_address>0xba1</load_address>
         <run_address>0xba1</run_address>
         <size>0x84</size>
         <input_file_ref idref="fl-2"/>
      </object_component>
      <object_component id="oc-245">
         <name>.debug_info</name>
         <load_address>0xc25</load_address>
         <run_address>0xc25</run_address>
         <size>0x275</size>
         <input_file_ref idref="fl-2"/>
      </object_component>
      <object_component id="oc-176">
         <name>.debug_info</name>
         <load_address>0xe9a</load_address>
         <run_address>0xe9a</run_address>
         <size>0xbb</size>
         <input_file_ref idref="fl-2"/>
      </object_component>
      <object_component id="oc-1b8">
         <name>.debug_info</name>
         <load_address>0xf55</load_address>
         <run_address>0xf55</run_address>
         <size>0x244</size>
         <input_file_ref idref="fl-3"/>
      </object_component>
      <object_component id="oc-f9">
         <name>.debug_info</name>
         <load_address>0x1199</load_address>
         <run_address>0x1199</run_address>
         <size>0x279</size>
         <input_file_ref idref="fl-3"/>
      </object_component>
      <object_component id="oc-28f">
         <name>.debug_info</name>
         <load_address>0x1412</load_address>
         <run_address>0x1412</run_address>
         <size>0x2fd</size>
         <input_file_ref idref="fl-4"/>
      </object_component>
      <object_component id="oc-286">
         <name>.debug_info</name>
         <load_address>0x170f</load_address>
         <run_address>0x170f</run_address>
         <size>0xd5</size>
         <input_file_ref idref="fl-4"/>
      </object_component>
      <object_component id="oc-28b">
         <name>.debug_info</name>
         <load_address>0x17e4</load_address>
         <run_address>0x17e4</run_address>
         <size>0x18f</size>
         <input_file_ref idref="fl-4"/>
      </object_component>
      <object_component id="oc-1d7">
         <name>.debug_info</name>
         <load_address>0x1973</load_address>
         <run_address>0x1973</run_address>
         <size>0x293</size>
         <input_file_ref idref="fl-4"/>
      </object_component>
      <object_component id="oc-1d3">
         <name>.debug_info</name>
         <load_address>0x1c06</load_address>
         <run_address>0x1c06</run_address>
         <size>0x2e3</size>
         <input_file_ref idref="fl-4"/>
      </object_component>
      <object_component id="oc-1dd">
         <name>.debug_info</name>
         <load_address>0x1ee9</load_address>
         <run_address>0x1ee9</run_address>
         <size>0x29f</size>
         <input_file_ref idref="fl-4"/>
      </object_component>
      <object_component id="oc-105">
         <name>.debug_info</name>
         <load_address>0x2188</load_address>
         <run_address>0x2188</run_address>
         <size>0x14f</size>
         <input_file_ref idref="fl-4"/>
      </object_component>
      <object_component id="oc-205">
         <name>.debug_info</name>
         <load_address>0x22d7</load_address>
         <run_address>0x22d7</run_address>
         <size>0x1bd</size>
         <input_file_ref idref="fl-4"/>
      </object_component>
      <object_component id="oc-20a">
         <name>.debug_info</name>
         <load_address>0x2494</load_address>
         <run_address>0x2494</run_address>
         <size>0x203</size>
         <input_file_ref idref="fl-4"/>
      </object_component>
      <object_component id="oc-11e">
         <name>.debug_info</name>
         <load_address>0x2697</load_address>
         <run_address>0x2697</run_address>
         <size>0x14c</size>
         <input_file_ref idref="fl-4"/>
      </object_component>
      <object_component id="oc-1fd">
         <name>.debug_info</name>
         <load_address>0x27e3</load_address>
         <run_address>0x27e3</run_address>
         <size>0x208</size>
         <input_file_ref idref="fl-4"/>
      </object_component>
      <object_component id="oc-1f8">
         <name>.debug_info</name>
         <load_address>0x29eb</load_address>
         <run_address>0x29eb</run_address>
         <size>0x1fd</size>
         <input_file_ref idref="fl-4"/>
      </object_component>
      <object_component id="oc-119">
         <name>.debug_info</name>
         <load_address>0x2be8</load_address>
         <run_address>0x2be8</run_address>
         <size>0x162</size>
         <input_file_ref idref="fl-4"/>
      </object_component>
      <object_component id="oc-17b">
         <name>.debug_info</name>
         <load_address>0x2d4a</load_address>
         <run_address>0x2d4a</run_address>
         <size>0x101</size>
         <input_file_ref idref="fl-4"/>
      </object_component>
      <object_component id="oc-cf">
         <name>.debug_info</name>
         <load_address>0x2e4b</load_address>
         <run_address>0x2e4b</run_address>
         <size>0x10c</size>
         <input_file_ref idref="fl-5"/>
      </object_component>
      <object_component id="oc-db">
         <name>.debug_info</name>
         <load_address>0x2f57</load_address>
         <run_address>0x2f57</run_address>
         <size>0x2c4</size>
         <input_file_ref idref="fl-5"/>
      </object_component>
      <object_component id="oc-ca">
         <name>.debug_info</name>
         <load_address>0x321b</load_address>
         <run_address>0x321b</run_address>
         <size>0x10c</size>
         <input_file_ref idref="fl-5"/>
      </object_component>
      <object_component id="oc-267">
         <name>.debug_info</name>
         <load_address>0x3327</load_address>
         <run_address>0x3327</run_address>
         <size>0x1cd</size>
         <input_file_ref idref="fl-6"/>
      </object_component>
      <object_component id="oc-1f2">
         <name>.debug_info</name>
         <load_address>0x34f4</load_address>
         <run_address>0x34f4</run_address>
         <size>0x1c6</size>
         <input_file_ref idref="fl-6"/>
      </object_component>
      <object_component id="oc-1a6">
         <name>.debug_info</name>
         <load_address>0x36ba</load_address>
         <run_address>0x36ba</run_address>
         <size>0x1cd</size>
         <input_file_ref idref="fl-6"/>
      </object_component>
      <object_component id="oc-1c9">
         <name>.debug_info</name>
         <load_address>0x3887</load_address>
         <run_address>0x3887</run_address>
         <size>0x1f7</size>
         <input_file_ref idref="fl-6"/>
      </object_component>
      <object_component id="oc-1f5">
         <name>.debug_info</name>
         <load_address>0x3a7e</load_address>
         <run_address>0x3a7e</run_address>
         <size>0x2bb</size>
         <input_file_ref idref="fl-7"/>
      </object_component>
      <object_component id="oc-1ec">
         <name>.debug_info</name>
         <load_address>0x3d39</load_address>
         <run_address>0x3d39</run_address>
         <size>0xd1</size>
         <input_file_ref idref="fl-7"/>
      </object_component>
      <object_component id="oc-115">
         <name>.debug_info</name>
         <load_address>0x3e0a</load_address>
         <run_address>0x3e0a</run_address>
         <size>0x276</size>
         <input_file_ref idref="fl-7"/>
      </object_component>
      <object_component id="oc-25f">
         <name>.debug_info</name>
         <load_address>0x4080</load_address>
         <run_address>0x4080</run_address>
         <size>0x365</size>
         <input_file_ref idref="fl-8"/>
      </object_component>
      <object_component id="oc-1c0">
         <name>.debug_info</name>
         <load_address>0x43e5</load_address>
         <run_address>0x43e5</run_address>
         <size>0x22e</size>
         <input_file_ref idref="fl-8"/>
      </object_component>
      <object_component id="oc-1e4">
         <name>.debug_info</name>
         <load_address>0x4613</load_address>
         <run_address>0x4613</run_address>
         <size>0x1da</size>
         <input_file_ref idref="fl-8"/>
      </object_component>
      <object_component id="oc-27e">
         <name>.debug_info</name>
         <load_address>0x47ed</load_address>
         <run_address>0x47ed</run_address>
         <size>0x19b</size>
         <input_file_ref idref="fl-8"/>
      </object_component>
      <object_component id="oc-262">
         <name>.debug_info</name>
         <load_address>0x4988</load_address>
         <run_address>0x4988</run_address>
         <size>0x191</size>
         <input_file_ref idref="fl-8"/>
      </object_component>
      <object_component id="oc-1b2">
         <name>.debug_info</name>
         <load_address>0x4b19</load_address>
         <run_address>0x4b19</run_address>
         <size>0x374</size>
         <input_file_ref idref="fl-8"/>
      </object_component>
      <object_component id="oc-e1">
         <name>.debug_info</name>
         <load_address>0x4e8d</load_address>
         <run_address>0x4e8d</run_address>
         <size>0x119</size>
         <input_file_ref idref="fl-8"/>
      </object_component>
      <object_component id="oc-18e">
         <name>.debug_info</name>
         <load_address>0x4fa6</load_address>
         <run_address>0x4fa6</run_address>
         <size>0x365</size>
         <input_file_ref idref="fl-8"/>
      </object_component>
      <object_component id="oc-2cc">
         <name>.debug_info</name>
         <load_address>0x530b</load_address>
         <run_address>0x530b</run_address>
         <size>0x299</size>
         <input_file_ref idref="fl-a"/>
      </object_component>
      <object_component id="oc-188">
         <name>.debug_info</name>
         <load_address>0x55a4</load_address>
         <run_address>0x55a4</run_address>
         <size>0x11e</size>
         <input_file_ref idref="fl-a"/>
      </object_component>
      <object_component id="oc-167">
         <name>.debug_info</name>
         <load_address>0x56c2</load_address>
         <run_address>0x56c2</run_address>
         <size>0x17b</size>
         <input_file_ref idref="fl-a"/>
      </object_component>
      <object_component id="oc-181">
         <name>.debug_info</name>
         <load_address>0x583d</load_address>
         <run_address>0x583d</run_address>
         <size>0x148</size>
         <input_file_ref idref="fl-a"/>
      </object_component>
      <object_component id="oc-26a">
         <name>.debug_info</name>
         <load_address>0x5985</load_address>
         <run_address>0x5985</run_address>
         <size>0x1e7</size>
         <input_file_ref idref="fl-a"/>
      </object_component>
      <object_component id="oc-ea">
         <name>.debug_info</name>
         <load_address>0x5b6c</load_address>
         <run_address>0x5b6c</run_address>
         <size>0x1a6</size>
         <input_file_ref idref="fl-a"/>
      </object_component>
      <object_component id="oc-254">
         <name>.debug_info</name>
         <load_address>0x5d12</load_address>
         <run_address>0x5d12</run_address>
         <size>0x189</size>
         <input_file_ref idref="fl-a"/>
      </object_component>
      <object_component id="oc-259">
         <name>.debug_info</name>
         <load_address>0x5e9b</load_address>
         <run_address>0x5e9b</run_address>
         <size>0x1df</size>
         <input_file_ref idref="fl-a"/>
      </object_component>
      <object_component id="oc-24e">
         <name>.debug_info</name>
         <load_address>0x607a</load_address>
         <run_address>0x607a</run_address>
         <size>0x19e</size>
         <input_file_ref idref="fl-a"/>
      </object_component>
      <object_component id="oc-d4">
         <name>.debug_info</name>
         <load_address>0x6218</load_address>
         <run_address>0x6218</run_address>
         <size>0x111</size>
         <input_file_ref idref="fl-a"/>
      </object_component>
      <object_component id="oc-1ea">
         <name>.debug_info</name>
         <load_address>0x6329</load_address>
         <run_address>0x6329</run_address>
         <size>0x205</size>
         <input_file_ref idref="fl-b"/>
      </object_component>
      <object_component id="oc-10d">
         <name>.debug_info</name>
         <load_address>0x652e</load_address>
         <run_address>0x652e</run_address>
         <size>0x1c4</size>
         <input_file_ref idref="fl-b"/>
      </object_component>
      <object_component id="oc-ef">
         <name>.debug_info</name>
         <load_address>0x66f2</load_address>
         <run_address>0x66f2</run_address>
         <size>0x193</size>
         <input_file_ref idref="fl-d"/>
      </object_component>
      <object_component id="oc-f5">
         <name>.debug_info</name>
         <load_address>0x6885</load_address>
         <run_address>0x6885</run_address>
         <size>0x4f0</size>
         <input_file_ref idref="fl-e"/>
      </object_component>
      <object_component id="oc-e6">
         <name>.debug_info</name>
         <load_address>0x6d75</load_address>
         <run_address>0x6d75</run_address>
         <size>0x1e9</size>
         <input_file_ref idref="fl-e"/>
      </object_component>
      <object_component id="oc-a2">
         <name>.debug_info</name>
         <load_address>0x6f5e</load_address>
         <run_address>0x6f5e</run_address>
         <size>0x213</size>
         <input_file_ref idref="fl-e"/>
      </object_component>
      <object_component id="oc-16e">
         <name>.debug_info</name>
         <load_address>0x7171</load_address>
         <run_address>0x7171</run_address>
         <size>0x1a6</size>
         <input_file_ref idref="fl-f"/>
      </object_component>
      <object_component id="oc-1ac">
         <name>.debug_info</name>
         <load_address>0x7317</load_address>
         <run_address>0x7317</run_address>
         <size>0x126</size>
         <input_file_ref idref="fl-f"/>
      </object_component>
      <object_component id="oc-2de">
         <name>.debug_info</name>
         <load_address>0x743d</load_address>
         <run_address>0x743d</run_address>
         <size>0x136</size>
         <input_file_ref idref="fl-29"/>
      </object_component>
      <object_component id="oc-2f3">
         <name>.debug_info</name>
         <load_address>0x7573</load_address>
         <run_address>0x7573</run_address>
         <size>0x122</size>
         <input_file_ref idref="fl-2a"/>
      </object_component>
      <object_component id="oc-20">
         <name>.debug_info</name>
         <load_address>0x7695</load_address>
         <run_address>0x7695</run_address>
         <size>0x12f</size>
         <input_file_ref idref="fl-2b"/>
      </object_component>
      <object_component id="oc-18">
         <name>.debug_info</name>
         <load_address>0x77c4</load_address>
         <run_address>0x77c4</run_address>
         <size>0x121</size>
         <input_file_ref idref="fl-2c"/>
      </object_component>
      <object_component id="oc-277">
         <name>.debug_info</name>
         <load_address>0x78e5</load_address>
         <run_address>0x78e5</run_address>
         <size>0x127</size>
         <input_file_ref idref="fl-2d"/>
      </object_component>
      <object_component id="oc-12">
         <name>.debug_info</name>
         <load_address>0x7a0c</load_address>
         <run_address>0x7a0c</run_address>
         <size>0x101</size>
         <input_file_ref idref="fl-2e"/>
      </object_component>
      <object_component id="oc-51">
         <name>.debug_info</name>
         <load_address>0x7b0d</load_address>
         <run_address>0x7b0d</run_address>
         <size>0x17b</size>
         <input_file_ref idref="fl-2e"/>
      </object_component>
      <object_component id="oc-229">
         <name>.debug_info</name>
         <load_address>0x7c88</load_address>
         <run_address>0x7c88</run_address>
         <size>0x3df</size>
         <input_file_ref idref="fl-2f"/>
      </object_component>
      <object_component id="oc-133">
         <name>.debug_info</name>
         <load_address>0x8067</load_address>
         <run_address>0x8067</run_address>
         <size>0x1e1</size>
         <input_file_ref idref="fl-2f"/>
      </object_component>
      <object_component id="oc-2b5">
         <name>.debug_info</name>
         <load_address>0x8248</load_address>
         <run_address>0x8248</run_address>
         <size>0x39</size>
         <input_file_ref idref="fl-2f"/>
      </object_component>
      <object_component id="oc-2c6">
         <name>.debug_info</name>
         <load_address>0x8281</load_address>
         <run_address>0x8281</run_address>
         <size>0x2c</size>
         <input_file_ref idref="fl-2f"/>
      </object_component>
      <object_component id="oc-234">
         <name>.debug_info</name>
         <load_address>0x82ad</load_address>
         <run_address>0x82ad</run_address>
         <size>0x2c</size>
         <input_file_ref idref="fl-2f"/>
      </object_component>
      <object_component id="oc-2ba">
         <name>.debug_info</name>
         <load_address>0x82d9</load_address>
         <run_address>0x82d9</run_address>
         <size>0xcd</size>
         <input_file_ref idref="fl-2f"/>
      </object_component>
      <object_component id="oc-97">
         <name>.debug_info</name>
         <load_address>0x83a6</load_address>
         <run_address>0x83a6</run_address>
         <size>0x176</size>
         <input_file_ref idref="fl-30"/>
      </object_component>
      <object_component id="oc-40">
         <name>.debug_info</name>
         <load_address>0x851c</load_address>
         <run_address>0x851c</run_address>
         <size>0x1d3</size>
         <input_file_ref idref="fl-30"/>
      </object_component>
      <object_component id="oc-92">
         <name>.debug_info</name>
         <load_address>0x86ef</load_address>
         <run_address>0x86ef</run_address>
         <size>0x46</size>
         <input_file_ref idref="fl-30"/>
      </object_component>
      <object_component id="oc-85">
         <name>.debug_info</name>
         <load_address>0x8735</load_address>
         <run_address>0x8735</run_address>
         <size>0x2c</size>
         <input_file_ref idref="fl-30"/>
      </object_component>
      <object_component id="oc-9d">
         <name>.debug_info</name>
         <load_address>0x8761</load_address>
         <run_address>0x8761</run_address>
         <size>0x154</size>
         <input_file_ref idref="fl-33"/>
      </object_component>
      <object_component id="oc-226">
         <name>.debug_info</name>
         <load_address>0x88b5</load_address>
         <run_address>0x88b5</run_address>
         <size>0x151</size>
         <input_file_ref idref="fl-34"/>
      </object_component>
      <object_component id="oc-3b">
         <name>.debug_info</name>
         <load_address>0x8a06</load_address>
         <run_address>0x8a06</run_address>
         <size>0x181</size>
         <input_file_ref idref="fl-35"/>
      </object_component>
      <object_component id="oc-a">
         <name>.debug_info</name>
         <load_address>0x8b87</load_address>
         <run_address>0x8b87</run_address>
         <size>0x1eb</size>
         <input_file_ref idref="fl-35"/>
      </object_component>
      <object_component id="oc-36">
         <name>.debug_info</name>
         <load_address>0x8d72</load_address>
         <run_address>0x8d72</run_address>
         <size>0x46</size>
         <input_file_ref idref="fl-35"/>
      </object_component>
      <object_component id="oc-8a">
         <name>.debug_info</name>
         <load_address>0x8db8</load_address>
         <run_address>0x8db8</run_address>
         <size>0x2c</size>
         <input_file_ref idref="fl-35"/>
      </object_component>
      <object_component id="oc-82">
         <name>.debug_info</name>
         <load_address>0x8de4</load_address>
         <run_address>0x8de4</run_address>
         <size>0x177</size>
         <input_file_ref idref="fl-36"/>
      </object_component>
      <object_component id="oc-7">
         <name>.debug_info</name>
         <load_address>0x8f5b</load_address>
         <run_address>0x8f5b</run_address>
         <size>0x293</size>
         <input_file_ref idref="fl-36"/>
      </object_component>
      <object_component id="oc-25">
         <name>.debug_info</name>
         <load_address>0x91ee</load_address>
         <run_address>0x91ee</run_address>
         <size>0x60</size>
         <input_file_ref idref="fl-36"/>
      </object_component>
      <object_component id="oc-bb">
         <name>.debug_info</name>
         <load_address>0x924e</load_address>
         <run_address>0x924e</run_address>
         <size>0x46</size>
         <input_file_ref idref="fl-36"/>
      </object_component>
      <object_component id="oc-7d">
         <name>.debug_info</name>
         <load_address>0x9294</load_address>
         <run_address>0x9294</run_address>
         <size>0x39</size>
         <input_file_ref idref="fl-36"/>
      </object_component>
      <object_component id="oc-127">
         <name>.debug_info</name>
         <load_address>0x92cd</load_address>
         <run_address>0x92cd</run_address>
         <size>0x123</size>
         <input_file_ref idref="fl-37"/>
      </object_component>
      <object_component id="oc-84">
         <name>.debug_info</name>
         <load_address>0x93f0</load_address>
         <run_address>0x93f0</run_address>
         <size>0x182</size>
         <input_file_ref idref="fl-3a"/>
      </object_component>
      <object_component id="oc-32">
         <name>.debug_info</name>
         <load_address>0x9572</load_address>
         <run_address>0x9572</run_address>
         <size>0x17b</size>
         <input_file_ref idref="fl-3a"/>
      </object_component>
      <object_component id="oc-273">
         <name>.debug_info</name>
         <load_address>0x96ed</load_address>
         <run_address>0x96ed</run_address>
         <size>0x16e</size>
         <input_file_ref idref="fl-3b"/>
      </object_component>
      <object_component id="oc-1bc">
         <name>.debug_info</name>
         <load_address>0x985b</load_address>
         <run_address>0x985b</run_address>
         <size>0x276</size>
         <input_file_ref idref="fl-3b"/>
      </object_component>
      <object_component id="oc-1d">
         <name>.debug_info</name>
         <load_address>0x9ad1</load_address>
         <run_address>0x9ad1</run_address>
         <size>0x121</size>
         <input_file_ref idref="fl-3c"/>
      </object_component>
      <object_component id="oc-32a">
         <name>.debug_info</name>
         <load_address>0x9bf2</load_address>
         <run_address>0x9bf2</run_address>
         <size>0xa1</size>
      </object_component>
      <object_component id="oc-284">
         <name>.debug_line</name>
         <load_address>0x0</load_address>
         <run_address>0x0</run_address>
         <size>0xa2</size>
         <input_file_ref idref="fl-2"/>
      </object_component>
      <object_component id="oc-27b">
         <name>.debug_line</name>
         <load_address>0xa2</load_address>
         <run_address>0xa2</run_address>
         <size>0x31</size>
         <input_file_ref idref="fl-2"/>
      </object_component>
      <object_component id="oc-103">
         <name>.debug_line</name>
         <load_address>0xd3</load_address>
         <run_address>0xd3</run_address>
         <size>0x8c</size>
         <input_file_ref idref="fl-2"/>
      </object_component>
      <object_component id="oc-19c">
         <name>.debug_line</name>
         <load_address>0x15f</load_address>
         <run_address>0x15f</run_address>
         <size>0x2e</size>
         <input_file_ref idref="fl-2"/>
      </object_component>
      <object_component id="oc-197">
         <name>.debug_line</name>
         <load_address>0x18d</load_address>
         <run_address>0x18d</run_address>
         <size>0x2f</size>
         <input_file_ref idref="fl-2"/>
      </object_component>
      <object_component id="oc-1a3">
         <name>.debug_line</name>
         <load_address>0x1bc</load_address>
         <run_address>0x1bc</run_address>
         <size>0x72</size>
         <input_file_ref idref="fl-2"/>
      </object_component>
      <object_component id="oc-2d">
         <name>.debug_line</name>
         <load_address>0x22e</load_address>
         <run_address>0x22e</run_address>
         <size>0x20</size>
         <input_file_ref idref="fl-2"/>
      </object_component>
      <object_component id="oc-248">
         <name>.debug_line</name>
         <load_address>0x24e</load_address>
         <run_address>0x24e</run_address>
         <size>0x76</size>
         <input_file_ref idref="fl-2"/>
      </object_component>
      <object_component id="oc-179">
         <name>.debug_line</name>
         <load_address>0x2c4</load_address>
         <run_address>0x2c4</run_address>
         <size>0x73</size>
         <input_file_ref idref="fl-2"/>
      </object_component>
      <object_component id="oc-271">
         <name>.debug_line</name>
         <load_address>0x337</load_address>
         <run_address>0x337</run_address>
         <size>0x91</size>
         <input_file_ref idref="fl-3"/>
      </object_component>
      <object_component id="oc-fc">
         <name>.debug_line</name>
         <load_address>0x3c8</load_address>
         <run_address>0x3c8</run_address>
         <size>0x61</size>
         <input_file_ref idref="fl-3"/>
      </object_component>
      <object_component id="oc-2e2">
         <name>.debug_line</name>
         <load_address>0x429</load_address>
         <run_address>0x429</run_address>
         <size>0x8f</size>
         <input_file_ref idref="fl-4"/>
      </object_component>
      <object_component id="oc-2da">
         <name>.debug_line</name>
         <load_address>0x4b8</load_address>
         <run_address>0x4b8</run_address>
         <size>0x33</size>
         <input_file_ref idref="fl-4"/>
      </object_component>
      <object_component id="oc-289">
         <name>.debug_line</name>
         <load_address>0x4eb</load_address>
         <run_address>0x4eb</run_address>
         <size>0x4f</size>
         <input_file_ref idref="fl-4"/>
      </object_component>
      <object_component id="oc-1da">
         <name>.debug_line</name>
         <load_address>0x53a</load_address>
         <run_address>0x53a</run_address>
         <size>0x95</size>
         <input_file_ref idref="fl-4"/>
      </object_component>
      <object_component id="oc-1d1">
         <name>.debug_line</name>
         <load_address>0x5cf</load_address>
         <run_address>0x5cf</run_address>
         <size>0xc4</size>
         <input_file_ref idref="fl-4"/>
      </object_component>
      <object_component id="oc-1e0">
         <name>.debug_line</name>
         <load_address>0x693</load_address>
         <run_address>0x693</run_address>
         <size>0x94</size>
         <input_file_ref idref="fl-4"/>
      </object_component>
      <object_component id="oc-108">
         <name>.debug_line</name>
         <load_address>0x727</load_address>
         <run_address>0x727</run_address>
         <size>0x4d</size>
         <input_file_ref idref="fl-4"/>
      </object_component>
      <object_component id="oc-204">
         <name>.debug_line</name>
         <load_address>0x774</load_address>
         <run_address>0x774</run_address>
         <size>0x64</size>
         <input_file_ref idref="fl-4"/>
      </object_component>
      <object_component id="oc-20d">
         <name>.debug_line</name>
         <load_address>0x7d8</load_address>
         <run_address>0x7d8</run_address>
         <size>0x5f</size>
         <input_file_ref idref="fl-4"/>
      </object_component>
      <object_component id="oc-121">
         <name>.debug_line</name>
         <load_address>0x837</load_address>
         <run_address>0x837</run_address>
         <size>0x4b</size>
         <input_file_ref idref="fl-4"/>
      </object_component>
      <object_component id="oc-200">
         <name>.debug_line</name>
         <load_address>0x882</load_address>
         <run_address>0x882</run_address>
         <size>0x80</size>
         <input_file_ref idref="fl-4"/>
      </object_component>
      <object_component id="oc-1f7">
         <name>.debug_line</name>
         <load_address>0x902</load_address>
         <run_address>0x902</run_address>
         <size>0x5f</size>
         <input_file_ref idref="fl-4"/>
      </object_component>
      <object_component id="oc-118">
         <name>.debug_line</name>
         <load_address>0x961</load_address>
         <run_address>0x961</run_address>
         <size>0x4c</size>
         <input_file_ref idref="fl-4"/>
      </object_component>
      <object_component id="oc-17e">
         <name>.debug_line</name>
         <load_address>0x9ad</load_address>
         <run_address>0x9ad</run_address>
         <size>0x2f</size>
         <input_file_ref idref="fl-4"/>
      </object_component>
      <object_component id="oc-d2">
         <name>.debug_line</name>
         <load_address>0x9dc</load_address>
         <run_address>0x9dc</run_address>
         <size>0x49</size>
         <input_file_ref idref="fl-5"/>
      </object_component>
      <object_component id="oc-de">
         <name>.debug_line</name>
         <load_address>0xa25</load_address>
         <run_address>0xa25</run_address>
         <size>0x62</size>
         <input_file_ref idref="fl-5"/>
      </object_component>
      <object_component id="oc-c8">
         <name>.debug_line</name>
         <load_address>0xa87</load_address>
         <run_address>0xa87</run_address>
         <size>0x4f</size>
         <input_file_ref idref="fl-5"/>
      </object_component>
      <object_component id="oc-2d3">
         <name>.debug_line</name>
         <load_address>0xad6</load_address>
         <run_address>0xad6</run_address>
         <size>0x2e</size>
         <input_file_ref idref="fl-6"/>
      </object_component>
      <object_component id="oc-1f0">
         <name>.debug_line</name>
         <load_address>0xb04</load_address>
         <run_address>0xb04</run_address>
         <size>0x4b</size>
         <input_file_ref idref="fl-6"/>
      </object_component>
      <object_component id="oc-1a9">
         <name>.debug_line</name>
         <load_address>0xb4f</load_address>
         <run_address>0xb4f</run_address>
         <size>0x4b</size>
         <input_file_ref idref="fl-6"/>
      </object_component>
      <object_component id="oc-1cc">
         <name>.debug_line</name>
         <load_address>0xb9a</load_address>
         <run_address>0xb9a</run_address>
         <size>0x4a</size>
         <input_file_ref idref="fl-6"/>
      </object_component>
      <object_component id="oc-299">
         <name>.debug_line</name>
         <load_address>0xbe4</load_address>
         <run_address>0xbe4</run_address>
         <size>0xa2</size>
         <input_file_ref idref="fl-7"/>
      </object_component>
      <object_component id="oc-296">
         <name>.debug_line</name>
         <load_address>0xc86</load_address>
         <run_address>0xc86</run_address>
         <size>0x31</size>
         <input_file_ref idref="fl-7"/>
      </object_component>
      <object_component id="oc-112">
         <name>.debug_line</name>
         <load_address>0xcb7</load_address>
         <run_address>0xcb7</run_address>
         <size>0x4e</size>
         <input_file_ref idref="fl-7"/>
      </object_component>
      <object_component id="oc-2d0">
         <name>.debug_line</name>
         <load_address>0xd05</load_address>
         <run_address>0xd05</run_address>
         <size>0x82</size>
         <input_file_ref idref="fl-8"/>
      </object_component>
      <object_component id="oc-1c3">
         <name>.debug_line</name>
         <load_address>0xd87</load_address>
         <run_address>0xd87</run_address>
         <size>0x4a</size>
         <input_file_ref idref="fl-8"/>
      </object_component>
      <object_component id="oc-1e7">
         <name>.debug_line</name>
         <load_address>0xdd1</load_address>
         <run_address>0xdd1</run_address>
         <size>0x49</size>
         <input_file_ref idref="fl-8"/>
      </object_component>
      <object_component id="oc-27d">
         <name>.debug_line</name>
         <load_address>0xe1a</load_address>
         <run_address>0xe1a</run_address>
         <size>0x48</size>
         <input_file_ref idref="fl-8"/>
      </object_component>
      <object_component id="oc-261">
         <name>.debug_line</name>
         <load_address>0xe62</load_address>
         <run_address>0xe62</run_address>
         <size>0x47</size>
         <input_file_ref idref="fl-8"/>
      </object_component>
      <object_component id="oc-1b5">
         <name>.debug_line</name>
         <load_address>0xea9</load_address>
         <run_address>0xea9</run_address>
         <size>0x6b</size>
         <input_file_ref idref="fl-8"/>
      </object_component>
      <object_component id="oc-e0">
         <name>.debug_line</name>
         <load_address>0xf14</load_address>
         <run_address>0xf14</run_address>
         <size>0x44</size>
         <input_file_ref idref="fl-8"/>
      </object_component>
      <object_component id="oc-191">
         <name>.debug_line</name>
         <load_address>0xf58</load_address>
         <run_address>0xf58</run_address>
         <size>0xab</size>
         <input_file_ref idref="fl-8"/>
      </object_component>
      <object_component id="oc-2f1">
         <name>.debug_line</name>
         <load_address>0x1003</load_address>
         <run_address>0x1003</run_address>
         <size>0x5a</size>
         <input_file_ref idref="fl-a"/>
      </object_component>
      <object_component id="oc-187">
         <name>.debug_line</name>
         <load_address>0x105d</load_address>
         <run_address>0x105d</run_address>
         <size>0x47</size>
         <input_file_ref idref="fl-a"/>
      </object_component>
      <object_component id="oc-16a">
         <name>.debug_line</name>
         <load_address>0x10a4</load_address>
         <run_address>0x10a4</run_address>
         <size>0x55</size>
         <input_file_ref idref="fl-a"/>
      </object_component>
      <object_component id="oc-184">
         <name>.debug_line</name>
         <load_address>0x10f9</load_address>
         <run_address>0x10f9</run_address>
         <size>0x47</size>
         <input_file_ref idref="fl-a"/>
      </object_component>
      <object_component id="oc-26d">
         <name>.debug_line</name>
         <load_address>0x1140</load_address>
         <run_address>0x1140</run_address>
         <size>0x73</size>
         <input_file_ref idref="fl-a"/>
      </object_component>
      <object_component id="oc-e9">
         <name>.debug_line</name>
         <load_address>0x11b3</load_address>
         <run_address>0x11b3</run_address>
         <size>0x67</size>
         <input_file_ref idref="fl-a"/>
      </object_component>
      <object_component id="oc-253">
         <name>.debug_line</name>
         <load_address>0x121a</load_address>
         <run_address>0x121a</run_address>
         <size>0x5c</size>
         <input_file_ref idref="fl-a"/>
      </object_component>
      <object_component id="oc-25c">
         <name>.debug_line</name>
         <load_address>0x1276</load_address>
         <run_address>0x1276</run_address>
         <size>0x6f</size>
         <input_file_ref idref="fl-a"/>
      </object_component>
      <object_component id="oc-24d">
         <name>.debug_line</name>
         <load_address>0x12e5</load_address>
         <run_address>0x12e5</run_address>
         <size>0x63</size>
         <input_file_ref idref="fl-a"/>
      </object_component>
      <object_component id="oc-d7">
         <name>.debug_line</name>
         <load_address>0x1348</load_address>
         <run_address>0x1348</run_address>
         <size>0x52</size>
         <input_file_ref idref="fl-a"/>
      </object_component>
      <object_component id="oc-294">
         <name>.debug_line</name>
         <load_address>0x139a</load_address>
         <run_address>0x139a</run_address>
         <size>0x42</size>
         <input_file_ref idref="fl-b"/>
      </object_component>
      <object_component id="oc-110">
         <name>.debug_line</name>
         <load_address>0x13dc</load_address>
         <run_address>0x13dc</run_address>
         <size>0x4b</size>
         <input_file_ref idref="fl-b"/>
      </object_component>
      <object_component id="oc-f2">
         <name>.debug_line</name>
         <load_address>0x1427</load_address>
         <run_address>0x1427</run_address>
         <size>0x69</size>
         <input_file_ref idref="fl-d"/>
      </object_component>
      <object_component id="oc-19f">
         <name>.debug_line</name>
         <load_address>0x1490</load_address>
         <run_address>0x1490</run_address>
         <size>0x125</size>
         <input_file_ref idref="fl-e"/>
      </object_component>
      <object_component id="oc-175">
         <name>.debug_line</name>
         <load_address>0x15b5</load_address>
         <run_address>0x15b5</run_address>
         <size>0x2d</size>
         <input_file_ref idref="fl-e"/>
      </object_component>
      <object_component id="oc-a4">
         <name>.debug_line</name>
         <load_address>0x15e2</load_address>
         <run_address>0x15e2</run_address>
         <size>0x83</size>
         <input_file_ref idref="fl-e"/>
      </object_component>
      <object_component id="oc-16d">
         <name>.debug_line</name>
         <load_address>0x1665</load_address>
         <run_address>0x1665</run_address>
         <size>0x69</size>
         <input_file_ref idref="fl-f"/>
      </object_component>
      <object_component id="oc-1af">
         <name>.debug_line</name>
         <load_address>0x16ce</load_address>
         <run_address>0x16ce</run_address>
         <size>0x4b</size>
         <input_file_ref idref="fl-f"/>
      </object_component>
      <object_component id="oc-2dc">
         <name>.debug_line</name>
         <load_address>0x1719</load_address>
         <run_address>0x1719</run_address>
         <size>0x4d</size>
         <input_file_ref idref="fl-29"/>
      </object_component>
      <object_component id="oc-2f6">
         <name>.debug_line</name>
         <load_address>0x1766</load_address>
         <run_address>0x1766</run_address>
         <size>0x43</size>
         <input_file_ref idref="fl-2a"/>
      </object_component>
      <object_component id="oc-23">
         <name>.debug_line</name>
         <load_address>0x17a9</load_address>
         <run_address>0x17a9</run_address>
         <size>0x40</size>
         <input_file_ref idref="fl-2b"/>
      </object_component>
      <object_component id="oc-17">
         <name>.debug_line</name>
         <load_address>0x17e9</load_address>
         <run_address>0x17e9</run_address>
         <size>0x4e</size>
         <input_file_ref idref="fl-2c"/>
      </object_component>
      <object_component id="oc-276">
         <name>.debug_line</name>
         <load_address>0x1837</load_address>
         <run_address>0x1837</run_address>
         <size>0x56</size>
         <input_file_ref idref="fl-2d"/>
      </object_component>
      <object_component id="oc-79">
         <name>.debug_line</name>
         <load_address>0x188d</load_address>
         <run_address>0x188d</run_address>
         <size>0x2a</size>
         <input_file_ref idref="fl-2e"/>
      </object_component>
      <object_component id="oc-50">
         <name>.debug_line</name>
         <load_address>0x18b7</load_address>
         <run_address>0x18b7</run_address>
         <size>0x46</size>
         <input_file_ref idref="fl-2e"/>
      </object_component>
      <object_component id="oc-2b4">
         <name>.debug_line</name>
         <load_address>0x18fd</load_address>
         <run_address>0x18fd</run_address>
         <size>0xbf</size>
         <input_file_ref idref="fl-2f"/>
      </object_component>
      <object_component id="oc-132">
         <name>.debug_line</name>
         <load_address>0x19bc</load_address>
         <run_address>0x19bc</run_address>
         <size>0x75</size>
         <input_file_ref idref="fl-2f"/>
      </object_component>
      <object_component id="oc-2b8">
         <name>.debug_line</name>
         <load_address>0x1a31</load_address>
         <run_address>0x1a31</run_address>
         <size>0x2e</size>
         <input_file_ref idref="fl-2f"/>
      </object_component>
      <object_component id="oc-2c9">
         <name>.debug_line</name>
         <load_address>0x1a5f</load_address>
         <run_address>0x1a5f</run_address>
         <size>0x9a</size>
         <input_file_ref idref="fl-2f"/>
      </object_component>
      <object_component id="oc-237">
         <name>.debug_line</name>
         <load_address>0x1af9</load_address>
         <run_address>0x1af9</run_address>
         <size>0x97</size>
         <input_file_ref idref="fl-2f"/>
      </object_component>
      <object_component id="oc-2bd">
         <name>.debug_line</name>
         <load_address>0x1b90</load_address>
         <run_address>0x1b90</run_address>
         <size>0x93</size>
         <input_file_ref idref="fl-2f"/>
      </object_component>
      <object_component id="oc-c5">
         <name>.debug_line</name>
         <load_address>0x1c23</load_address>
         <run_address>0x1c23</run_address>
         <size>0x20</size>
         <input_file_ref idref="fl-30"/>
      </object_component>
      <object_component id="oc-3d">
         <name>.debug_line</name>
         <load_address>0x1c43</load_address>
         <run_address>0x1c43</run_address>
         <size>0x4d</size>
         <input_file_ref idref="fl-30"/>
      </object_component>
      <object_component id="oc-95">
         <name>.debug_line</name>
         <load_address>0x1c90</load_address>
         <run_address>0x1c90</run_address>
         <size>0x34</size>
         <input_file_ref idref="fl-30"/>
      </object_component>
      <object_component id="oc-88">
         <name>.debug_line</name>
         <load_address>0x1cc4</load_address>
         <run_address>0x1cc4</run_address>
         <size>0x92</size>
         <input_file_ref idref="fl-30"/>
      </object_component>
      <object_component id="oc-9a">
         <name>.debug_line</name>
         <load_address>0x1d56</load_address>
         <run_address>0x1d56</run_address>
         <size>0x3e</size>
         <input_file_ref idref="fl-33"/>
      </object_component>
      <object_component id="oc-223">
         <name>.debug_line</name>
         <load_address>0x1d94</load_address>
         <run_address>0x1d94</run_address>
         <size>0x3a</size>
         <input_file_ref idref="fl-34"/>
      </object_component>
      <object_component id="oc-90">
         <name>.debug_line</name>
         <load_address>0x1dce</load_address>
         <run_address>0x1dce</run_address>
         <size>0x20</size>
         <input_file_ref idref="fl-35"/>
      </object_component>
      <object_component id="oc-e">
         <name>.debug_line</name>
         <load_address>0x1dee</load_address>
         <run_address>0x1dee</run_address>
         <size>0x50</size>
         <input_file_ref idref="fl-35"/>
      </object_component>
      <object_component id="oc-39">
         <name>.debug_line</name>
         <load_address>0x1e3e</load_address>
         <run_address>0x1e3e</run_address>
         <size>0x3a</size>
         <input_file_ref idref="fl-35"/>
      </object_component>
      <object_component id="oc-8d">
         <name>.debug_line</name>
         <load_address>0x1e78</load_address>
         <run_address>0x1e78</run_address>
         <size>0x92</size>
         <input_file_ref idref="fl-35"/>
      </object_component>
      <object_component id="oc-c1">
         <name>.debug_line</name>
         <load_address>0x1f0a</load_address>
         <run_address>0x1f0a</run_address>
         <size>0x20</size>
         <input_file_ref idref="fl-36"/>
      </object_component>
      <object_component id="oc-5">
         <name>.debug_line</name>
         <load_address>0x1f2a</load_address>
         <run_address>0x1f2a</run_address>
         <size>0x92</size>
         <input_file_ref idref="fl-36"/>
      </object_component>
      <object_component id="oc-28">
         <name>.debug_line</name>
         <load_address>0x1fbc</load_address>
         <run_address>0x1fbc</run_address>
         <size>0x3a</size>
         <input_file_ref idref="fl-36"/>
      </object_component>
      <object_component id="oc-be">
         <name>.debug_line</name>
         <load_address>0x1ff6</load_address>
         <run_address>0x1ff6</run_address>
         <size>0x9a</size>
         <input_file_ref idref="fl-36"/>
      </object_component>
      <object_component id="oc-80">
         <name>.debug_line</name>
         <load_address>0x2090</load_address>
         <run_address>0x2090</run_address>
         <size>0x96</size>
         <input_file_ref idref="fl-36"/>
      </object_component>
      <object_component id="oc-126">
         <name>.debug_line</name>
         <load_address>0x2126</load_address>
         <run_address>0x2126</run_address>
         <size>0x3d</size>
         <input_file_ref idref="fl-37"/>
      </object_component>
      <object_component id="oc-c3">
         <name>.debug_line</name>
         <load_address>0x2163</load_address>
         <run_address>0x2163</run_address>
         <size>0x20</size>
         <input_file_ref idref="fl-3a"/>
      </object_component>
      <object_component id="oc-34">
         <name>.debug_line</name>
         <load_address>0x2183</load_address>
         <run_address>0x2183</run_address>
         <size>0x42</size>
         <input_file_ref idref="fl-3a"/>
      </object_component>
      <object_component id="oc-2d6">
         <name>.debug_line</name>
         <load_address>0x21c5</load_address>
         <run_address>0x21c5</run_address>
         <size>0x20</size>
         <input_file_ref idref="fl-3b"/>
      </object_component>
      <object_component id="oc-1ba">
         <name>.debug_line</name>
         <load_address>0x21e5</load_address>
         <run_address>0x21e5</run_address>
         <size>0xae</size>
         <input_file_ref idref="fl-3b"/>
      </object_component>
      <object_component id="oc-1b">
         <name>.debug_line</name>
         <load_address>0x2293</load_address>
         <run_address>0x2293</run_address>
         <size>0x5e</size>
         <input_file_ref idref="fl-3c"/>
      </object_component>
      <object_component id="oc-102">
         <name>.debug_frame</name>
         <load_address>0x0</load_address>
         <run_address>0x0</run_address>
         <size>0x64</size>
         <input_file_ref idref="fl-2"/>
      </object_component>
      <object_component id="oc-fd">
         <name>.debug_frame</name>
         <load_address>0x64</load_address>
         <run_address>0x64</run_address>
         <size>0x64</size>
         <input_file_ref idref="fl-3"/>
      </object_component>
      <object_component id="oc-28a">
         <name>.debug_frame</name>
         <load_address>0xc8</load_address>
         <run_address>0xc8</run_address>
         <size>0x44</size>
         <input_file_ref idref="fl-4"/>
      </object_component>
      <object_component id="oc-1db">
         <name>.debug_frame</name>
         <load_address>0x10c</load_address>
         <run_address>0x10c</run_address>
         <size>0x64</size>
         <input_file_ref idref="fl-4"/>
      </object_component>
      <object_component id="oc-1d2">
         <name>.debug_frame</name>
         <load_address>0x170</load_address>
         <run_address>0x170</run_address>
         <size>0x4c</size>
         <input_file_ref idref="fl-4"/>
      </object_component>
      <object_component id="oc-1e1">
         <name>.debug_frame</name>
         <load_address>0x1bc</load_address>
         <run_address>0x1bc</run_address>
         <size>0x64</size>
         <input_file_ref idref="fl-4"/>
      </object_component>
      <object_component id="oc-109">
         <name>.debug_frame</name>
         <load_address>0x220</load_address>
         <run_address>0x220</run_address>
         <size>0x3c</size>
         <input_file_ref idref="fl-4"/>
      </object_component>
      <object_component id="oc-208">
         <name>.debug_frame</name>
         <load_address>0x25c</load_address>
         <run_address>0x25c</run_address>
         <size>0x54</size>
         <input_file_ref idref="fl-4"/>
      </object_component>
      <object_component id="oc-20e">
         <name>.debug_frame</name>
         <load_address>0x2b0</load_address>
         <run_address>0x2b0</run_address>
         <size>0x58</size>
         <input_file_ref idref="fl-4"/>
      </object_component>
      <object_component id="oc-122">
         <name>.debug_frame</name>
         <load_address>0x308</load_address>
         <run_address>0x308</run_address>
         <size>0x3c</size>
         <input_file_ref idref="fl-4"/>
      </object_component>
      <object_component id="oc-201">
         <name>.debug_frame</name>
         <load_address>0x344</load_address>
         <run_address>0x344</run_address>
         <size>0x54</size>
         <input_file_ref idref="fl-4"/>
      </object_component>
      <object_component id="oc-1fb">
         <name>.debug_frame</name>
         <load_address>0x398</load_address>
         <run_address>0x398</run_address>
         <size>0x58</size>
         <input_file_ref idref="fl-4"/>
      </object_component>
      <object_component id="oc-11c">
         <name>.debug_frame</name>
         <load_address>0x3f0</load_address>
         <run_address>0x3f0</run_address>
         <size>0x3c</size>
         <input_file_ref idref="fl-4"/>
      </object_component>
      <object_component id="oc-ce">
         <name>.debug_frame</name>
         <load_address>0x42c</load_address>
         <run_address>0x42c</run_address>
         <size>0x3c</size>
         <input_file_ref idref="fl-5"/>
      </object_component>
      <object_component id="oc-da">
         <name>.debug_frame</name>
         <load_address>0x468</load_address>
         <run_address>0x468</run_address>
         <size>0x40</size>
         <input_file_ref idref="fl-5"/>
      </object_component>
      <object_component id="oc-c9">
         <name>.debug_frame</name>
         <load_address>0x4a8</load_address>
         <run_address>0x4a8</run_address>
         <size>0x3c</size>
         <input_file_ref idref="fl-5"/>
      </object_component>
      <object_component id="oc-1f1">
         <name>.debug_frame</name>
         <load_address>0x4e4</load_address>
         <run_address>0x4e4</run_address>
         <size>0x3c</size>
         <input_file_ref idref="fl-6"/>
      </object_component>
      <object_component id="oc-1aa">
         <name>.debug_frame</name>
         <load_address>0x520</load_address>
         <run_address>0x520</run_address>
         <size>0x3c</size>
         <input_file_ref idref="fl-6"/>
      </object_component>
      <object_component id="oc-1cd">
         <name>.debug_frame</name>
         <load_address>0x55c</load_address>
         <run_address>0x55c</run_address>
         <size>0x44</size>
         <input_file_ref idref="fl-6"/>
      </object_component>
      <object_component id="oc-114">
         <name>.debug_frame</name>
         <load_address>0x5a0</load_address>
         <run_address>0x5a0</run_address>
         <size>0x54</size>
         <input_file_ref idref="fl-7"/>
      </object_component>
      <object_component id="oc-1c4">
         <name>.debug_frame</name>
         <load_address>0x5f4</load_address>
         <run_address>0x5f4</run_address>
         <size>0x3c</size>
         <input_file_ref idref="fl-8"/>
      </object_component>
      <object_component id="oc-1e8">
         <name>.debug_frame</name>
         <load_address>0x630</load_address>
         <run_address>0x630</run_address>
         <size>0x3c</size>
         <input_file_ref idref="fl-8"/>
      </object_component>
      <object_component id="oc-281">
         <name>.debug_frame</name>
         <load_address>0x66c</load_address>
         <run_address>0x66c</run_address>
         <size>0x3c</size>
         <input_file_ref idref="fl-8"/>
      </object_component>
[...]
         <object_component_ref idref="oc-cd"/>
      </symbol>
      <symbol id="sm-10f">
         <name>Board_Init</name>
         <value>0x12a6</value>
         <object_component_ref idref="oc-c7"/>
      </symbol>
      <symbol id="sm-110">
         <name>Radio_Init</name>
         <value>0x55c</value>
         <object_component_ref idref="oc-d9"/>
      </symbol>
      <symbol id="sm-12a">
         <name>Message_Prep_Sense</name>
         <value>0x14ca</value>
         <object_component_ref idref="oc-1ee"/>
      </symbol>
      <symbol id="sm-12b">
         <name>Message_Prep_BS</name>
         <value>0x1398</value>
         <object_component_ref idref="oc-1c8"/>
      </symbol>
      <symbol id="sm-12c">
         <name>Message_Prep_CH_TDMA</name>
         <value>0x14b2</value>
         <object_component_ref idref="oc-1a5"/>
      </symbol>
      <symbol id="sm-13f">
         <name>ND_Sense</name>
         <value>0xbd6</value>
         <object_component_ref idref="oc-111"/>
      </symbol>
      <symbol id="sm-180">
         <name>TDMA_Send</name>
         <value>0xb16</value>
         <object_component_ref idref="oc-1b1"/>
      </symbol>
      <symbol id="sm-181">
         <name>long_int_divide</name>
         <value>0x1524</value>
         <object_component_ref idref="oc-260"/>
      </symbol>
      <symbol id="sm-182">
         <name>Radio_Sleep</name>
         <value>0x15a0</value>
         <object_component_ref idref="oc-df"/>
      </symbol>
      <symbol id="sm-183">
         <name>LBT_Listen</name>
         <value>0x3ea</value>
         <object_component_ref idref="oc-18d"/>
      </symbol>
      <symbol id="sm-184">
         <name>long_int_merge</name>
         <value>0x1462</value>
         <object_component_ref idref="oc-1e3"/>
      </symbol>
      <symbol id="sm-185">
         <name>long_int_divide_temp</name>
         <value>0x14e2</value>
         <object_component_ref idref="oc-27c"/>
      </symbol>
      <symbol id="sm-186">
         <name>long_int_merge_temp</name>
         <value>0x13e4</value>
         <object_component_ref idref="oc-1bf"/>
      </symbol>
      <symbol id="sm-1e7">
         <name>SPI_Strobe</name>
         <value>0x13be</value>
         <object_component_ref idref="oc-166"/>
      </symbol>
      <symbol id="sm-1e8">
         <name>SPI_Send_Burst</name>
         <value>0xece</value>
         <object_component_ref idref="oc-269"/>
      </symbol>
      <symbol id="sm-1e9">
         <name>SPI_Read_Status</name>
         <value>0x12de</value>
         <object_component_ref idref="oc-252"/>
      </symbol>
      <symbol id="sm-1ea">
         <name>SPI_Read</name>
         <value>0x10b6</value>
         <object_component_ref idref="oc-24c"/>
      </symbol>
      <symbol id="sm-1eb">
         <name>SPI_Send</name>
         <value>0x1156</value>
         <object_component_ref idref="oc-e8"/>
      </symbol>
      <symbol id="sm-1ec">
         <name>SPI_Init</name>
         <value>0x1228</value>
         <object_component_ref idref="oc-d3"/>
      </symbol>
      <symbol id="sm-1ed">
         <name>SPI_Read_Burst</name>
         <value>0x100a</value>
         <object_component_ref idref="oc-258"/>
      </symbol>
      <symbol id="sm-1f9">
         <name>TDMA_Assign</name>
         <value>0x119e</value>
         <object_component_ref idref="oc-10b"/>
      </symbol>
      <symbol id="sm-207">
         <name>Wait_For_Start</name>
         <value>0xfac</value>
         <object_component_ref idref="oc-ee"/>
      </symbol>
      <symbol id="sm-224">
         <name>_ChildCount</name>
         <value>0x1610</value>
      </symbol>
      <symbol id="sm-225">
         <name>_ChildList</name>
         <value>0x15fc</value>
      </symbol>
      <symbol id="sm-226">
         <name>__MyHead</name>
         <value>0x1611</value>
      </symbol>
      <symbol id="sm-227">
         <name>Break_Sleep</name>
         <value>0x1614</value>
         <object_component_ref idref="oc-e5"/>
      </symbol>
      <symbol id="sm-228">
         <name>__State</name>
         <value>0x1616</value>
         <object_component_ref idref="oc-e5"/>
      </symbol>
      <symbol id="sm-229">
         <name>start</name>
         <value>0x161c</value>
         <object_component_ref idref="oc-e5"/>
      </symbol>
      <symbol id="sm-22a">
         <name>GT_Adjust</name>
         <value>0x1620</value>
         <object_component_ref idref="oc-e5"/>
      </symbol>
      <symbol id="sm-22b">
         <name>main</name>
         <value>0xa14</value>
         <object_component_ref idref="oc-9f"/>
      </symbol>
      <symbol id="sm-22c">
         <name>_MyAddress</name>
         <value>0x1615</value>
         <object_component_ref idref="oc-e5"/>
      </symbol>
      <symbol id="sm-22d">
         <name>tdma_sleep_cycles</name>
         <value>0x1624</value>
         <object_component_ref idref="oc-e5"/>
      </symbol>
      <symbol id="sm-22e">
         <name>curr_time</name>
         <value>0x1618</value>
         <object_component_ref idref="oc-e5"/>
      </symbol>
      <symbol id="sm-22f">
         <name>Timer_Rollover_Count</name>
         <value>0x1612</value>
         <object_component_ref idref="oc-e5"/>
      </symbol>
      <symbol id="sm-246">
         <name>Sleep_Timer</name>
         <value>0x1060</value>
         <object_component_ref idref="oc-16c"/>
      </symbol>
      <symbol id="sm-247">
         <name>Get_Time</name>
         <value>0x1498</value>
         <object_component_ref idref="oc-1ab"/>
      </symbol>
      <symbol id="sm-254">
         <name>__mspabi_remi</name>
         <value>0x1316</value>
         <object_component_ref idref="oc-2db"/>
      </symbol>
      <symbol id="sm-255">
         <name>__mspabi_divi</name>
         <value>0x1316</value>
         <object_component_ref idref="oc-2db"/>
      </symbol>
      <symbol id="sm-25f">
         <name>__mspabi_remu</name>
         <value>0x14fa</value>
         <object_component_ref idref="oc-2f2"/>
      </symbol>
      <symbol id="sm-260">
         <name>__mspabi_divu</name>
         <value>0x14fa</value>
         <object_component_ref idref="oc-2f2"/>
      </symbol>
      <symbol id="sm-269">
         <name>__mspabi_func_epilog_2</name>
         <value>0x158c</value>
         <object_component_ref idref="oc-1f"/>
      </symbol>
      <symbol id="sm-26a">
         <name>__mspabi_func_epilog_3</name>
         <value>0x158a</value>
         <object_component_ref idref="oc-1f"/>
      </symbol>
      <symbol id="sm-26b">
         <name>__mspabi_func_epilog_1</name>
         <value>0x158e</value>
         <object_component_ref idref="oc-1f"/>
      </symbol>
      <symbol id="sm-26c">
         <name>__mspabi_func_epilog_6</name>
         <value>0x1584</value>
         <object_component_ref idref="oc-1f"/>
      </symbol>
      <symbol id="sm-26d">
         <name>__mspabi_func_epilog_7</name>
         <value>0x1582</value>
         <object_component_ref idref="oc-1f"/>
      </symbol>
      <symbol id="sm-26e">
         <name>__mspabi_func_epilog_4</name>
         <value>0x1588</value>
         <object_component_ref idref="oc-1f"/>
      </symbol>
      <symbol id="sm-26f">
         <name>__mspabi_func_epilog_5</name>
         <value>0x1586</value>
         <object_component_ref idref="oc-1f"/>
      </symbol>
      <symbol id="sm-277">
         <name>__mspabi_slli</name>
         <value>0x1342</value>
         <object_component_ref idref="oc-15"/>
      </symbol>
      <symbol id="sm-278">
         <name>__mspabi_slli_9</name>
         <value>0x135a</value>
         <object_component_ref idref="oc-15"/>
      </symbol>
      <symbol id="sm-279">
         <name>__mspabi_slli_8</name>
         <value>0x135c</value>
         <object_component_ref idref="oc-15"/>
      </symbol>
      <symbol id="sm-27a">
         <name>__mspabi_slli_7</name>
         <value>0x135e</value>
         <object_component_ref idref="oc-15"/>
      </symbol>
      <symbol id="sm-27b">
         <name>__mspabi_slli_6</name>
         <value>0x1360</value>
         <object_component_ref idref="oc-15"/>
      </symbol>
      <symbol id="sm-27c">
         <name>__mspabi_slli_5</name>
         <value>0x1362</value>
         <object_component_ref idref="oc-15"/>
      </symbol>
      <symbol id="sm-27d">
         <name>__mspabi_slli_4</name>
         <value>0x1364</value>
         <object_component_ref idref="oc-15"/>
      </symbol>
      <symbol id="sm-27e">
         <name>__mspabi_slli_3</name>
         <value>0x1366</value>
         <object_component_ref idref="oc-15"/>
      </symbol>
      <symbol id="sm-27f">
         <name>__mspabi_slli_2</name>
         <value>0x1368</value>
         <object_component_ref idref="oc-15"/>
      </symbol>
      <symbol id="sm-280">
         <name>__mspabi_slli_1</name>
         <value>0x136a</value>
         <object_component_ref idref="oc-15"/>
      </symbol>
      <symbol id="sm-281">
         <name>__mspabi_slli_15</name>
         <value>0x134e</value>
         <object_component_ref idref="oc-15"/>
      </symbol>
      <symbol id="sm-282">
         <name>__mspabi_slli_14</name>
         <value>0x1350</value>
         <object_component_ref idref="oc-15"/>
      </symbol>
      <symbol id="sm-283">
         <name>__mspabi_slli_13</name>
         <value>0x1352</value>
         <object_component_ref idref="oc-15"/>
      </symbol>
      <symbol id="sm-284">
         <name>__mspabi_slli_12</name>
         <value>0x1354</value>
         <object_component_ref idref="oc-15"/>
      </symbol>
      <symbol id="sm-285">
         <name>__mspabi_slli_11</name>
         <value>0x1356</value>
         <object_component_ref idref="oc-15"/>
      </symbol>
      <symbol id="sm-286">
         <name>__mspabi_slli_10</name>
         <value>0x1358</value>
         <object_component_ref idref="oc-15"/>
      </symbol>
      <symbol id="sm-28e">
         <name>__mspabi_slll_9</name>
         <value>0x1280</value>
         <object_component_ref idref="oc-274"/>
      </symbol>
      <symbol id="sm-28f">
         <name>__mspabi_slll_8</name>
         <value>0x1284</value>
         <object_component_ref idref="oc-274"/>
      </symbol>
      <symbol id="sm-290">
         <name>__mspabi_slll_7</name>
         <value>0x1288</value>
         <object_component_ref idref="oc-274"/>
      </symbol>
      <symbol id="sm-291">
         <name>__mspabi_slll_6</name>
         <value>0x128c</value>
         <object_component_ref idref="oc-274"/>
      </symbol>
      <symbol id="sm-292">
         <name>__mspabi_slll_5</name>
         <value>0x1290</value>
         <object_component_ref idref="oc-274"/>
      </symbol>
      <symbol id="sm-293">
         <name>__mspabi_slll_4</name>
         <value>0x1294</value>
         <object_component_ref idref="oc-274"/>
      </symbol>
      <symbol id="sm-294">
         <name>__mspabi_slll_3</name>
         <value>0x1298</value>
         <object_component_ref idref="oc-274"/>
      </symbol>
      <symbol id="sm-295">
         <name>__mspabi_slll_2</name>
         <value>0x129c</value>
         <object_component_ref idref="oc-274"/>
      </symbol>
      <symbol id="sm-296">
         <name>__mspabi_slll_1</name>
         <value>0x12a0</value>
         <object_component_ref idref="oc-274"/>
      </symbol>
      <symbol id="sm-297">
         <name>__mspabi_slll_15</name>
         <value>0x1268</value>
         <object_component_ref idref="oc-274"/>
      </symbol>
      <symbol id="sm-298">
         <name>__mspabi_slll_14</name>
         <value>0x126c</value>
         <object_component_ref idref="oc-274"/>
      </symbol>
      <symbol id="sm-299">
         <name>__mspabi_slll_13</name>
         <value>0x1270</value>
         <object_component_ref idref="oc-274"/>
      </symbol>
      <symbol id="sm-29a">
         <name>__mspabi_slll_12</name>
         <value>0x1274</value>
         <object_component_ref idref="oc-274"/>
      </symbol>
      <symbol id="sm-29b">
         <name>__mspabi_slll_11</name>
         <value>0x1278</value>
         <object_component_ref idref="oc-274"/>
      </symbol>
      <symbol id="sm-29c">
         <name>__mspabi_slll_10</name>
         <value>0x127c</value>
         <object_component_ref idref="oc-274"/>
      </symbol>
      <symbol id="sm-2ac">
         <name>_stack</name>
         <value>0x1628</value>
         <object_component_ref idref="oc-11"/>
      </symbol>
      <symbol id="sm-2ad">
         <name>_c_int00_noargs</name>
         <value>0x1446</value>
         <object_component_ref idref="oc-4e"/>
      </symbol>
      <symbol id="sm-2ae">
         <name>_reset_vector</name>
         <value>0xfffe</value>
         <object_component_ref idref="oc-14"/>
      </symbol>
      <symbol id="sm-2d0">
         <name>__TI_auto_init_nobinit_nopinit</name>
         <value>0x11e6</value>
         <object_component_ref idref="oc-130"/>
      </symbol>
      <symbol id="sm-2e8">
         <name>__TI_zero_init_nomemset</name>
         <value>0x1510</value>
         <object_component_ref idref="oc-3c"/>
      </symbol>
      <symbol id="sm-2f3">
         <name>_system_pre_init</name>
         <value>0x15be</value>
         <object_component_ref idref="oc-99"/>
      </symbol>
      <symbol id="sm-2fc">
         <name>_system_post_cinit</name>
         <value>0x15c2</value>
         <object_component_ref idref="oc-222"/>
      </symbol>
      <symbol id="sm-312">
         <name>__TI_decompress_none</name>
         <value>0x155e</value>
         <object_component_ref idref="oc-9"/>
      </symbol>
      <symbol id="sm-335">
         <name>__TI_decompress_lzss</name>
         <value>0xd6c</value>
         <object_component_ref idref="oc-3"/>
      </symbol>
      <symbol id="sm-33f">
         <name>C$$EXIT</name>
         <value>0x15b8</value>
         <object_component_ref idref="oc-124"/>
      </symbol>
      <symbol id="sm-340">
         <name>abort</name>
         <value>0x15b8</value>
         <object_component_ref idref="oc-124"/>
      </symbol>
      <symbol id="sm-350">
         <name>memcpy</name>
         <value>0x1570</value>
         <object_component_ref idref="oc-2f"/>
      </symbol>
      <symbol id="sm-35e">
         <name>memset</name>
         <value>0x1538</value>
         <object_component_ref idref="oc-1b9"/>
      </symbol>
      <symbol id="sm-366">
         <name>__mspabi_srli_8</name>
         <value>0x1134</value>
         <object_component_ref idref="oc-1a"/>
      </symbol>
      <symbol id="sm-367">
         <name>__mspabi_srli_9</name>
         <value>0x1130</value>
         <object_component_ref idref="oc-1a"/>
      </symbol>
      <symbol id="sm-368">
         <name>__mspabi_srli_6</name>
         <value>0x113c</value>
         <object_component_ref idref="oc-1a"/>
      </symbol>
      <symbol id="sm-369">
         <name>__mspabi_srli_7</name>
         <value>0x1138</value>
         <object_component_ref idref="oc-1a"/>
      </symbol>
      <symbol id="sm-36a">
         <name>__mspabi_srli_4</name>
         <value>0x1144</value>
         <object_component_ref idref="oc-1a"/>
      </symbol>
      <symbol id="sm-36b">
         <name>__mspabi_srli_5</name>
         <value>0x1140</value>
         <object_component_ref idref="oc-1a"/>
      </symbol>
      <symbol id="sm-36c">
         <name>__mspabi_srli_2</name>
         <value>0x114c</value>
         <object_component_ref idref="oc-1a"/>
      </symbol>
      <symbol id="sm-36d">
         <name>__mspabi_srli_3</name>
         <value>0x1148</value>
         <object_component_ref idref="oc-1a"/>
      </symbol>
      <symbol id="sm-36e">
         <name>__mspabi_srli_1</name>
         <value>0x1150</value>
         <object_component_ref idref="oc-1a"/>
      </symbol>
      <symbol id="sm-36f">
         <name>__mspabi_srli</name>
         <value>0x110a</value>
         <object_component_ref idref="oc-1a"/>
      </symbol>
      <symbol id="sm-370">
         <name>__mspabi_srli_15</name>
         <value>0x1118</value>
         <object_component_ref idref="oc-1a"/>
      </symbol>
      <symbol id="sm-371">
         <name>__mspabi_srli_14</name>
         <value>0x111c</value>
         <object_component_ref idref="oc-1a"/>
      </symbol>
      <symbol id="sm-372">
         <name>__mspabi_srli_13</name>
         <value>0x1120</value>
         <object_component_ref idref="oc-1a"/>
      </symbol>
      <symbol id="sm-373">
         <name>__mspabi_srli_12</name>
         <value>0x1124</value>
         <object_component_ref idref="oc-1a"/>
      </symbol>
      <symbol id="sm-374">
         <name>__mspabi_srli_11</name>
         <value>0x1128</value>
         <object_component_ref idref="oc-1a"/>
      </symbol>
      <symbol id="sm-375">
         <name>__mspabi_srli_10</name>
         <value>0x112c</value>
         <object_component_ref idref="oc-1a"/>
      </symbol>
      <symbol id="sm-379">
         <name>P1OUT</name>
         <value>0x0</value>
      </symbol>
      <symbol id="sm-37a">
         <name>P1DIR</name>
         <value>0x0</value>
      </symbol>
      <symbol id="sm-37b">
         <name>TA0R</name>
         <value>0x0</value>
      </symbol>
      <symbol id="sm-37c">
         <name>TA0CCR0</name>
         <value>0x0</value>
      </symbol>
      <symbol id="sm-37d">
         <name>TA0CTL</name>
         <value>0x0</value>
      </symbol>
      <symbol id="sm-37e">
         <name>WDTCTL</name>
         <value>0x0</value>
      </symbol>
      <symbol id="sm-37f">
         <name>DCOCTL</name>
         <value>0x0</value>
      </symbol>
      <symbol id="sm-380">
         <name>BCSCTL1</name>
         <value>0x0</value>
      </symbol>
      <symbol id="sm-381">
         <name>BCSCTL2</name>
         <value>0x0</value>
      </symbol>
      <symbol id="sm-382">
         <name>BCSCTL3</name>
         <value>0x0</value>
      </symbol>
      <symbol id="sm-383">
         <name>P2OUT</name>
         <value>0x0</value>
      </symbol>
      <symbol id="sm-384">
         <name>P3OUT</name>
         <value>0x0</value>
      </symbol>
      <symbol id="sm-385">
         <name>P2DIR</name>
         <value>0x0</value>
      </symbol>
      <symbol id="sm-386">
         <name>P3DIR</name>
         <value>0x0</value>
      </symbol>
      <symbol id="sm-387">
         <name>P1IES</name>
         <value>0x0</value>
      </symbol>
      <symbol id="sm-388">
         <name>P1IE</name>
         <value>0x0</value>
      </symbol>
      <symbol id="sm-389">
         <name>P1IFG</name>
         <value>0x0</value>
      </symbol>
      <symbol id="sm-38a">
         <name>P1IN</name>
         <value>0x0</value>
      </symbol>
      <symbol id="sm-38b">
         <name>UCB0RXBUF</name>
         <value>0x0</value>
      </symbol>
      <symbol id="sm-38c">
         <name>UCB0TXBUF</name>
         <value>0x0</value>
      </symbol>
      <symbol id="sm-38d">
         <name>IFG2</name>
         <value>0x0</value>
      </symbol>
      <symbol id="sm-38e">
         <name>P1SEL</name>
         <value>0x0</value>
      </symbol>
      <symbol id="sm-38f">
         <name>P1SEL2</name>
         <value>0x0</value>
      </symbol>
      <symbol id="sm-390">
         <name>UCB0CTL1</name>
         <value>0x0</value>
      </symbol>
      <symbol id="sm-391">
         <name>UCB0CTL0</name>
         <value>0x0</value>
      </symbol>
      <symbol id="sm-392">
         <name>UCB0BR1</name>
         <value>0x0</value>
      </symbol>
      <symbol id="sm-393">
         <name>UCB0BR0</name>
         <value>0x0</value>
      </symbol>
      <symbol id="sm-394">
         <name>UCB0STAT</name>
         <value>0x0</value>
      </symbol>
      <symbol id="sm-395">
         <name>TA0CCTL1</name>
         <value>0x0</value>
      </symbol>
      <symbol id="sm-396">
         <name>TA0CCR1</name>
         <value>0x0</value>
      </symbol>
   </symbol_table>
   <title>Link errors: red sections failed placement</title>
</link_info>
